Component: ARM Compiler 5.06 update 4 (build 422) Tool: armlink [4d35d2]

==============================================================================

Section Cross References

    main.o(.text) refers to stm32f10x_rcc.o(.text) for RCC_APB2PeriphClockCmd
    main.o(.text) refers to misc.o(.text) for NVIC_SetVectorTable
    main.o(.text) refers to delay.o(.text) for delay_init
    main.o(.text) refers to led.o(.text) for LED_Init
    main.o(.text) refers to hw_config.o(.text) for USB_Interrupts_Config
    main.o(.text) refers to usb_init.o(.text) for USB_Init
    main.o(.text) refers to fat16.o(.text) for FATSetStatusFileName
    main.o(.text) refers to sys.o(.text) for NVIC_Configuration
    main.o(.text) refers to main.o(.data) for .data
    stm32f10x_it.o(.text) refers to usb_int.o(.text) for CTR_HP
    stm32f10x_it.o(.text) refers to usb_istr.o(.text) for USB_Istr
    system_stm32f10x.o(.text) refers to system_stm32f10x.o(.data) for .data
    stmflash.o(.text) refers to stm32f10x_flash.o(.text) for FLASH_ProgramHalfWord
    stmflash.o(.text) refers to stmflash.o(.bss) for .bss
    led.o(.text) refers to stm32f10x_rcc.o(.text) for RCC_APB2PeriphClockCmd
    led.o(.text) refers to stm32f10x_gpio.o(.text) for GPIO_Init
    delay.o(.text) refers to misc.o(.text) for SysTick_CLKSourceConfig
    delay.o(.text) refers to system_stm32f10x.o(.data) for SystemCoreClock
    delay.o(.text) refers to delay.o(.data) for .data
    sys.o(.text) refers to misc.o(.text) for NVIC_PriorityGroupConfig
    startup_stm32f10x_hd.o(STACK) refers (Special) to heapauxi.o(.text) for __use_two_region_memory
    startup_stm32f10x_hd.o(HEAP) refers (Special) to heapauxi.o(.text) for __use_two_region_memory
    startup_stm32f10x_hd.o(RESET) refers (Special) to heapauxi.o(.text) for __use_two_region_memory
    startup_stm32f10x_hd.o(RESET) refers to startup_stm32f10x_hd.o(STACK) for __initial_sp
    startup_stm32f10x_hd.o(RESET) refers to startup_stm32f10x_hd.o(.text) for Reset_Handler
    startup_stm32f10x_hd.o(RESET) refers to stm32f10x_it.o(.text) for USB_HP_CAN1_TX_IRQHandler
    startup_stm32f10x_hd.o(.text) refers (Special) to heapauxi.o(.text) for __use_two_region_memory
    startup_stm32f10x_hd.o(.text) refers to system_stm32f10x.o(.text) for SystemInit
    startup_stm32f10x_hd.o(.text) refers to __main.o(!!!main) for __main
    startup_stm32f10x_hd.o(.text) refers to startup_stm32f10x_hd.o(HEAP) for Heap_Mem
    startup_stm32f10x_hd.o(.text) refers to startup_stm32f10x_hd.o(STACK) for Stack_Mem
    stm32f10x_gpio.o(.text) refers to stm32f10x_rcc.o(.text) for RCC_APB2PeriphResetCmd
    stm32f10x_rcc.o(.text) refers to stm32f10x_rcc.o(.data) for .data
    usb_core.o(.text) refers to usb_regs.o(.text) for ClearDTOG_TX
    usb_core.o(.text) refers to usb_mem.o(.text) for UserToPMABufferCopy
    usb_core.o(.text) refers to usb_init.o(.data) for pInformation
    usb_core.o(.text) refers to usb_prop.o(.data) for Device_Table
    usb_core.o(.text) refers to usb_core.o(.data) for .data
    usb_core.o(.text) refers to usb_prop.o(.data) for Device_Property
    usb_core.o(.text) refers to usb_int.o(.data) for SaveTState
    usb_core.o(.text) refers to main.o(.text) for USB_PlugOn
    usb_init.o(.text) refers to usb_init.o(.bss) for .bss
    usb_init.o(.text) refers to usb_init.o(.data) for .data
    usb_init.o(.text) refers to usb_prop.o(.data) for Device_Property
    usb_init.o(.text) refers to usb_prop.o(.data) for User_Standard_Requests
    usb_int.o(.text) refers to usb_core.o(.text) for In0_Process
    usb_int.o(.text) refers to usb_int.o(.data) for .data
    usb_int.o(.text) refers to usb_init.o(.data) for EPindex
    usb_int.o(.text) refers to usb_istr.o(.data) for pEpInt_OUT
    usb_int.o(.text) refers to usb_istr.o(.data) for pEpInt_IN
    usb_int.o(.text) refers to usb_istr.o(.data) for wIstr
    hw_config.o(.text) refers to stm32f10x_rcc.o(.text) for RCC_USBCLKConfig
    hw_config.o(.text) refers to misc.o(.text) for NVIC_PriorityGroupConfig
    hw_config.o(.text) refers to stm32f10x_exti.o(.text) for EXTI_ClearITPendingBit
    hw_config.o(.text) refers to mass_mal.o(.text) for MAL_Init
    hw_config.o(.text) refers to usb_pwr.o(.data) for bDeviceState
    hw_config.o(.text) refers to usb_init.o(.bss) for Device_Info
    hw_config.o(.text) refers to usb_desc.o(.data) for MASS_StringSerial
    mass_mal.o(.text) refers to stm32f10x_flash.o(.text) for FLASH_Unlock
    mass_mal.o(.text) refers to fat16.o(.text) for FATWriteLBA
    mass_mal.o(.text) refers to stmflash.o(.text) for STMFLASH_Read
    mass_mal.o(.text) refers to mass_mal.o(.data) for .data
    usb_bot.o(.text) refers to usb_mem.o(.text) for UserToPMABufferCopy
    usb_bot.o(.text) refers to usb_regs.o(.text) for SetEPTxCount
    usb_bot.o(.text) refers to usb_scsi.o(.text) for SCSI_Read10_Cmd
    usb_bot.o(.text) refers to usb_bot.o(.bss) for .bss
    usb_bot.o(.text) refers to usb_bot.o(.data) for .data
[...]
    ../clib/angel/handlers.s                 0x00000000   Number         0  __scatter_zi.o ABSOLUTE
    ../clib/angel/kernel.s                   0x00000000   Number         0  rtexit.o ABSOLUTE
    ../clib/angel/kernel.s                   0x00000000   Number         0  __rtentry4.o ABSOLUTE
    ../clib/angel/kernel.s                   0x00000000   Number         0  __rtentry2.o ABSOLUTE
    ../clib/angel/kernel.s                   0x00000000   Number         0  rtexit2.o ABSOLUTE
    ../clib/angel/kernel.s                   0x00000000   Number         0  __rtentry.o ABSOLUTE
    ../clib/angel/rt.s                       0x00000000   Number         0  rt_raise.o ABSOLUTE
    ../clib/angel/scatter.s                  0x00000000   Number         0  __scatter.o ABSOLUTE
    ../clib/angel/startup.s                  0x00000000   Number         0  __main.o ABSOLUTE
    ../clib/angel/sys.s                      0x00000000   Number         0  libspace.o ABSOLUTE
    ../clib/angel/sys.s                      0x00000000   Number         0  use_no_semi.o ABSOLUTE
    ../clib/angel/sys.s                      0x00000000   Number         0  sys_stackheap_outer.o ABSOLUTE
    ../clib/angel/sys.s                      0x00000000   Number         0  indicate_semi.o ABSOLUTE
    ../clib/angel/sysapp.c                   0x00000000   Number         0  sys_command.o ABSOLUTE
    ../clib/angel/sysapp.c                   0x00000000   Number         0  sys_wrch.o ABSOLUTE
    ../clib/angel/sysapp.c                   0x00000000   Number         0  sys_exit.o ABSOLUTE
    ../clib/armsys.c                         0x00000000   Number         0  _get_argv_nomalloc.o ABSOLUTE
    ../clib/armsys.c                         0x00000000   Number         0  no_argv.o ABSOLUTE
    ../clib/armsys.c                         0x00000000   Number         0  argv_veneer.o ABSOLUTE
    ../clib/armsys.c                         0x00000000   Number         0  argv_veneer.o ABSOLUTE
    ../clib/heapalloc.c                      0x00000000   Number         0  hrguard.o ABSOLUTE
    ../clib/heapaux.c                        0x00000000   Number         0  heapauxi.o ABSOLUTE
    ../clib/libinit.s                        0x00000000   Number         0  libinit.o ABSOLUTE
    ../clib/libinit.s                        0x00000000   Number         0  libshutdown.o ABSOLUTE
    ../clib/libinit.s                        0x00000000   Number         0  libinit2.o ABSOLUTE
    ../clib/libinit.s                        0x00000000   Number         0  libshutdown2.o ABSOLUTE
    ../clib/memcpset.s                       0x00000000   Number         0  rt_memcpy_v6.o ABSOLUTE
    ../clib/memcpset.s                       0x00000000   Number         0  rt_memclr_w.o ABSOLUTE
    ../clib/memcpset.s                       0x00000000   Number         0  rt_memcpy_w.o ABSOLUTE
    ../clib/memcpset.s                       0x00000000   Number         0  rt_memclr.o ABSOLUTE
    ../clib/signal.c                         0x00000000   Number         0  defsig_other.o ABSOLUTE
    ../clib/signal.c                         0x00000000   Number         0  defsig_general.o ABSOLUTE
    ../clib/signal.c                         0x00000000   Number         0  defsig_rtmem_inner.o ABSOLUTE
    ../clib/signal.c                         0x00000000   Number         0  defsig_rtmem_outer.o ABSOLUTE
    ../clib/signal.c                         0x00000000   Number         0  __raise.o ABSOLUTE
    ../clib/signal.c                         0x00000000   Number         0  defsig_segv_inner.o ABSOLUTE
    ../clib/signal.c                         0x00000000   Number         0  defsig_cppl_inner.o ABSOLUTE
    ../clib/signal.c                         0x00000000   Number         0  defsig_exit.o ABSOLUTE
    ../clib/signal.c                         0x00000000   Number         0  defsig_pvfn_inner.o ABSOLUTE
    ../clib/signal.c                         0x00000000   Number         0  defsig_stak_inner.o ABSOLUTE
    ../clib/signal.c                         0x00000000   Number         0  defsig_rtred_inner.o ABSOLUTE
    ../clib/signal.c                         0x00000000   Number         0  defsig_fpe_inner.o ABSOLUTE
    ../clib/signal.c                         0x00000000   Number         0  defsig_rtmem_formal.o ABSOLUTE
    ../clib/signal.c                         0x00000000   Number         0  defsig_abrt_inner.o ABSOLUTE
    ../clib/signal.s                         0x00000000   Number         0  defsig.o ABSOLUTE
    ../clib/stdlib.c                         0x00000000   Number         0  exit.o ABSOLUTE
    ../clib/string.c                         0x00000000   Number         0  strlen.o ABSOLUTE
    ../clib/string.c                         0x00000000   Number         0  memcmp.o ABSOLUTE
    ../fplib/fpinit.s                        0x00000000   Number         0  fpinit.o ABSOLUTE
    ..\CORE\core_cm3.c                       0x00000000   Number         0  core_cm3.o ABSOLUTE
    ..\CORE\startup_stm32f10x_hd.s           0x00000000   Number         0  startup_stm32f10x_hd.o ABSOLUTE
    ..\HARDWARE\LED\led.c                    0x00000000   Number         0  led.o ABSOLUTE
    ..\HARDWARE\stmflash.c                   0x00000000   Number         0  stmflash.o ABSOLUTE
    ..\STM32F10x_FWLib\src\misc.c            0x00000000   Number         0  misc.o ABSOLUTE
    ..\STM32F10x_FWLib\src\stm32f10x_exti.c  0x00000000   Number         0  stm32f10x_exti.o ABSOLUTE
    ..\STM32F10x_FWLib\src\stm32f10x_flash.c 0x00000000   Number         0  stm32f10x_flash.o ABSOLUTE
    ..\STM32F10x_FWLib\src\stm32f10x_gpio.c  0x00000000   Number         0  stm32f10x_gpio.o ABSOLUTE
    ..\STM32F10x_FWLib\src\stm32f10x_rcc.c   0x00000000   Number         0  stm32f10x_rcc.o ABSOLUTE
    ..\SYSTEM\delay\delay.c                  0x00000000   Number         0  delay.o ABSOLUTE
    ..\SYSTEM\sys\sys.c                      0x00000000   Number         0  sys.o ABSOLUTE
    ..\USB\CONFIG\hw_config.c                0x00000000   Number         0  hw_config.o ABSOLUTE
    ..\USB\CONFIG\mass_mal.c                 0x00000000   Number         0  mass_mal.o ABSOLUTE
    ..\USB\CONFIG\memory.c                   0x00000000   Number         0  memory.o ABSOLUTE
    ..\USB\CONFIG\scsi_data.c                0x00000000   Number         0  scsi_data.o ABSOLUTE
    ..\USB\CONFIG\usb_bot.c                  0x00000000   Number         0  usb_bot.o ABSOLUTE
    ..\USB\CONFIG\usb_desc.c                 0x00000000   Number         0  usb_desc.o ABSOLUTE
    ..\USB\CONFIG\usb_endp.c                 0x00000000   Number         0  usb_endp.o ABSOLUTE
    ..\USB\CONFIG\usb_istr.c                 0x00000000   Number         0  usb_istr.o ABSOLUTE
    ..\USB\CONFIG\usb_prop.c                 0x00000000   Number         0  usb_prop.o ABSOLUTE
    ..\USB\CONFIG\usb_pwr.c                  0x00000000   Number         0  usb_pwr.o ABSOLUTE
    ..\USB\CONFIG\usb_scsi.c                 0x00000000   Number         0  usb_scsi.o ABSOLUTE
    ..\USB\LIB\usb_core.c                    0x00000000   Number         0  usb_core.o ABSOLUTE
    ..\USB\LIB\usb_init.c                    0x00000000   Number         0  usb_init.o ABSOLUTE
    ..\USB\LIB\usb_int.c                     0x00000000   Number         0  usb_int.o ABSOLUTE
    ..\USB\LIB\usb_mem.c                     0x00000000   Number         0  usb_mem.o ABSOLUTE
    ..\USB\LIB\usb_regs.c                    0x00000000   Number         0  usb_regs.o ABSOLUTE
    ..\\CORE\\core_cm3.c                     0x00000000   Number         0  core_cm3.o ABSOLUTE
    API.c                                    0x00000000   Number         0  api.o ABSOLUTE
    FAT16.c                                  0x00000000   Number         0  fat16.o ABSOLUTE
    dc.s                                     0x00000000   Number         0  dc.o ABSOLUTE
    hex.c                                    0x00000000   Number         0  hex.o ABSOLUTE
    main.c                                   0x00000000   Number         0  main.o ABSOLUTE
    stm32f10x_it.c                           0x00000000   Number         0  stm32f10x_it.o ABSOLUTE
    system_stm32f10x.c                       0x00000000   Number         0  system_stm32f10x.o ABSOLUTE
    RESET                                    0x08000000   Section      304  startup_stm32f10x_hd.o(RESET)
    !!!main                                  0x08000130   Section        8  __main.o(!!!main)
    !!!scatter                               0x08000138   Section       52  __scatter.o(!!!scatter)
    !!dczerorl2                              0x0800016c   Section       90  __dczerorl2.o(!!dczerorl2)
    !!handler_zi                             0x080001c8   Section       28  __scatter_zi.o(!!handler_zi)
    .ARM.Collect$$libinit$$00000000          0x080001e4   Section        2  libinit.o(.ARM.Collect$$libinit$$00000000)
    .ARM.Collect$$libinit$$00000002          0x080001e6   Section        0  libinit2.o(.ARM.Collect$$libinit$$00000002)
    .ARM.Collect$$libinit$$00000004          0x080001e6   Section        0  libinit2.o(.ARM.Collect$$libinit$$00000004)
    .ARM.Collect$$libinit$$0000000A          0x080001e6   Section        0  libinit2.o(.ARM.Collect$$libinit$$0000000A)
    .ARM.Collect$$libinit$$0000000C          0x080001e6   Section        0  libinit2.o(.ARM.Collect$$libinit$$0000000C)
    .ARM.Collect$$libinit$$0000000E          0x080001e6   Section        0  libinit2.o(.ARM.Collect$$libinit$$0000000E)
    .ARM.Collect$$libinit$$00000011          0x080001e6   Section        0  libinit2.o(.ARM.Collect$$libinit$$00000011)
    .ARM.Collect$$libinit$$00000013          0x080001e6   Section        0  libinit2.o(.ARM.Collect$$libinit$$00000013)
    .ARM.Collect$$libinit$$00000015          0x080001e6   Section        0  libinit2.o(.ARM.Collect$$libinit$$00000015)
    .ARM.Collect$$libinit$$00000017          0x080001e6   Section        0  libinit2.o(.ARM.Collect$$libinit$$00000017)
    .ARM.Collect$$libinit$$00000019          0x080001e6   Section        0  libinit2.o(.ARM.Collect$$libinit$$00000019)
    .ARM.Collect$$libinit$$0000001B          0x080001e6   Section        0  libinit2.o(.ARM.Collect$$libinit$$0000001B)
    .ARM.Collect$$libinit$$0000001D          0x080001e6   Section        0  libinit2.o(.ARM.Collect$$libinit$$0000001D)
    .ARM.Collect$$libinit$$0000001F          0x080001e6   Section        0  libinit2.o(.ARM.Collect$$libinit$$0000001F)
    .ARM.Collect$$libinit$$00000021          0x080001e6   Section        0  libinit2.o(.ARM.Collect$$libinit$$00000021)
    .ARM.Collect$$libinit$$00000023          0x080001e6   Section        0  libinit2.o(.ARM.Collect$$libinit$$00000023)
    .ARM.Collect$$libinit$$00000025          0x080001e6   Section        0  libinit2.o(.ARM.Collect$$libinit$$00000025)
    .ARM.Collect$$libinit$$0000002C          0x080001e6   Section        0  libinit2.o(.ARM.Collect$$libinit$$0000002C)
    .ARM.Collect$$libinit$$0000002E          0x080001e6   Section        0  libinit2.o(.ARM.Collect$$libinit$$0000002E)
    .ARM.Collect$$libinit$$00000030          0x080001e6   Section        0  libinit2.o(.ARM.Collect$$libinit$$00000030)
    .ARM.Collect$$libinit$$00000032          0x080001e6   Section        0  libinit2.o(.ARM.Collect$$libinit$$00000032)
    .ARM.Collect$$libinit$$00000033          0x080001e6   Section        2  libinit2.o(.ARM.Collect$$libinit$$00000033)
    .ARM.Collect$$libshutdown$$00000000      0x080001e8   Section        2  libshutdown.o(.ARM.Collect$$libshutdown$$00000000)
    .ARM.Collect$$libshutdown$$00000002      0x080001ea   Section        0  libshutdown2.o(.ARM.Collect$$libshutdown$$00000002)
    .ARM.Collect$$libshutdown$$00000004      0x080001ea   Section        0  libshutdown2.o(.ARM.Collect$$libshutdown$$00000004)
    .ARM.Collect$$libshutdown$$00000007      0x080001ea   Section        0  libshutdown2.o(.ARM.Collect$$libshutdown$$00000007)
    .ARM.Collect$$libshutdown$$0000000A      0x080001ea   Section        0  libshutdown2.o(.ARM.Collect$$libshutdown$$0000000A)
    .ARM.Collect$$libshutdown$$0000000C      0x080001ea   Section        0  libshutdown2.o(.ARM.Collect$$libshutdown$$0000000C)
    .ARM.Collect$$libshutdown$$0000000F      0x080001ea   Section        0  libshutdown2.o(.ARM.Collect$$libshutdown$$0000000F)
    .ARM.Collect$$libshutdown$$00000010      0x080001ea   Section        2  libshutdown2.o(.ARM.Collect$$libshutdown$$00000010)
    .ARM.Collect$$rtentry$$00000000          0x080001ec   Section        0  __rtentry.o(.ARM.Collect$$rtentry$$00000000)
    .ARM.Collect$$rtentry$$00000002          0x080001ec   Section        0  __rtentry2.o(.ARM.Collect$$rtentry$$00000002)
    .ARM.Collect$$rtentry$$00000004          0x080001ec   Section        6  __rtentry4.o(.ARM.Collect$$rtentry$$00000004)
    .ARM.Collect$$rtentry$$00000009          0x080001f2   Section        0  __rtentry2.o(.ARM.Collect$$rtentry$$00000009)
    .ARM.Collect$$rtentry$$0000000A          0x080001f2   Section        4  __rtentry2.o(.ARM.Collect$$rtentry$$0000000A)
    .ARM.Collect$$rtentry$$0000000C          0x080001f6   Section        0  __rtentry2.o(.ARM.Collect$$rtentry$$0000000C)
    .ARM.Collect$$rtentry$$0000000D          0x080001f6   Section        8  __rtentry2.o(.ARM.Collect$$rtentry$$0000000D)
    .ARM.Collect$$rtexit$$00000000           0x080001fe   Section        2  rtexit.o(.ARM.Collect$$rtexit$$00000000)
    .ARM.Collect$$rtexit$$00000002           0x08000200   Section        0  rtexit2.o(.ARM.Collect$$rtexit$$00000002)
    .ARM.Collect$$rtexit$$00000003           0x08000200   Section        4  rtexit2.o(.ARM.Collect$$rtexit$$00000003)
    .ARM.Collect$$rtexit$$00000004           0x08000204   Section        6  rtexit2.o(.ARM.Collect$$rtexit$$00000004)
    .text                                    0x0800020c   Section        0  main.o(.text)
    .text                                    0x08000470   Section        0  stm32f10x_it.o(.text)
    .text                                    0x0800047c   Section        0  system_stm32f10x.o(.text)
    SetSysClockTo72                          0x0800047d   Thumb Code   160  system_stm32f10x.o(.text)
    .text                                    0x080005d4   Section        0  stmflash.o(.text)
    .text                                    0x080006f4   Section        0  led.o(.text)
    .text                                    0x08000744   Section        0  delay.o(.text)
    .text                                    0x080007dc   Section        0  sys.o(.text)
    .text                                    0x080007e4   Section       64  startup_stm32f10x_hd.o(.text)
    .text                                    0x08000824   Section        0  misc.o(.text)
    .text                                    0x080008d4   Section        0  stm32f10x_gpio.o(.text)
    .text                                    0x08000b38   Section        0  stm32f10x_rcc.o(.text)
    .text                                    0x08000df0   Section        0  stm32f10x_exti.o(.text)
    .text                                    0x08000ed8   Section        0  stm32f10x_flash.o(.text)
    .text                                    0x0800135c   Section        0  usb_core.o(.text)
    DataStageIn                              0x080015f7   Thumb Code   158  usb_core.o(.text)
    NoData_Setup0                            0x08001695   Thumb Code   242  usb_core.o(.text)
    Data_Setup0                              0x08001787   Thumb Code   380  usb_core.o(.text)
    DataStageOut                             0x08001a4f   Thumb Code   140  usb_core.o(.text)
    .text                                    0x08001b08   Section        0  usb_init.o(.text)
    .text                                    0x08001b30   Section        0  usb_int.o(.text)
    .text                                    0x08001cf4   Section        0  usb_mem.o(.text)
    .text                                    0x08001d38   Section        0  usb_regs.o(.text)
    .text                                    0x080023a8   Section        0  hw_config.o(.text)
    .text                                    0x080024ac   Section        0  mass_mal.o(.text)
    .text                                    0x08002534   Section        0  usb_bot.o(.text)
    .text                                    0x0800283c   Section        0  usb_endp.o(.text)
    .text                                    0x08002844   Section        0  usb_istr.o(.text)
    .text                                    0x0800288c   Section        0  usb_prop.o(.text)
    .text                                    0x08002aa8   Section        0  usb_pwr.o(.text)
    .text                                    0x08002b9c   Section        0  usb_scsi.o(.text)
    .text                                    0x08002edc   Section        0  memory.o(.text)
    .text                                    0x08003080   Section        0  fat16.o(.text)
    .text                                    0x08003304   Section        0  hex.o(.text)
    .text                                    0x08003584   Section        0  memcmp.o(.text)
    .text                                    0x080035dc   Section        0  strlen.o(.text)
    .text                                    0x0800361a   Section      138  rt_memcpy_v6.o(.text)
    .text                                    0x080036a4   Section       68  rt_memclr.o(.text)
    .text                                    0x080036e8   Section        0  heapauxi.o(.text)
    .text                                    0x080036ee   Section      100  rt_memcpy_w.o(.text)
    .text                                    0x08003752   Section       78  rt_memclr_w.o(.text)
    .text                                    0x080037a0   Section       74  sys_stackheap_outer.o(.text)
    .text                                    0x080037ea   Section        0  exit.o(.text)
    .text                                    0x080037fc   Section        8  libspace.o(.text)
    .text                                    0x08003804   Section        0  sys_exit.o(.text)
    .text                                    0x08003810   Section        2  use_no_semi.o(.text)
    .constdata                               0x08003812   Section       18  usb_desc.o(.constdata)
    .text                                    0x08003812   Section        0  indicate_semi.o(.text)
    .constdata                               0x08003824   Section       32  usb_desc.o(.constdata)
    .constdata                               0x08003844   Section        4  usb_desc.o(.constdata)
    .constdata                               0x08003848   Section       22  usb_desc.o(.constdata)
    .constdata                               0x0800385e   Section       38  usb_desc.o(.constdata)
    .constdata                               0x08003884   Section       16  usb_desc.o(.constdata)
    .constdata                               0x08003894   Section      113  fat16.o(.constdata)
    .constdata                               0x08003905   Section       23  hex.o(.constdata)
    lookuptable                              0x08003905   Data          23  hex.o(.constdata)
    .data                                    0x20000000   Section       12  main.o(.data)
    time_tick                                0x20000008   Data           4  main.o(.data)
    .data                                    0x2000000c   Section       20  system_stm32f10x.o(.data)
    .data                                    0x20000020   Section        4  delay.o(.data)
    fac_us                                   0x20000020   Data           1  delay.o(.data)
    fac_ms                                   0x20000022   Data           2  delay.o(.data)
    .data                                    0x20000024   Section       20  stm32f10x_rcc.o(.data)
    ADCPrescTable                            0x20000024   Data           4  stm32f10x_rcc.o(.data)
    APBAHBPrescTable                         0x20000028   Data          16  stm32f10x_rcc.o(.data)
    .data                                    0x20000038   Section        4  usb_core.o(.data)
    .data                                    0x2000003c   Section        1  usb_init.o(.data)
    .data                                    0x20000040   Section       12  usb_init.o(.data)
    .data                                    0x2000004c   Section        2  usb_init.o(.data)
    .data                                    0x2000004e   Section        4  usb_int.o(.data)
    .data                                    0x20000054   Section       12  mass_mal.o(.data)
    .data                                    0x20000060   Section        5  scsi_data.o(.data)
    .data                                    0x20000065   Section       36  scsi_data.o(.data)
    .data                                    0x20000089   Section       36  scsi_data.o(.data)
    .data                                    0x200000ad   Section        4  scsi_data.o(.data)
    .data                                    0x200000b1   Section        8  scsi_data.o(.data)
    .data                                    0x200000b9   Section       18  scsi_data.o(.data)
    .data                                    0x200000cb   Section        8  scsi_data.o(.data)
    .data                                    0x200000d3   Section       12  scsi_data.o(.data)
    .data                                    0x200000e0   Section       12  usb_bot.o(.data)
    .data                                    0x200000ec   Section       26  usb_desc.o(.data)
    .data                                    0x20000108   Section       28  usb_istr.o(.data)
    .data                                    0x20000124   Section       28  usb_istr.o(.data)
    .data                                    0x20000140   Section        2  usb_istr.o(.data)
    .data                                    0x20000144   Section      108  usb_prop.o(.data)
    .data                                    0x200001b0   Section        2  usb_prop.o(.data)
    .data                                    0x200001b4   Section       36  usb_prop.o(.data)
    .data                                    0x200001d8   Section        4  usb_pwr.o(.data)
    .data                                    0x200001dc   Section        2  usb_pwr.o(.data)
    .data                                    0x200001e0   Section       36  memory.o(.data)
    Offset                                   0x200001ec   Data           4  memory.o(.data)
    Length                                   0x200001f0   Data           4  memory.o(.data)
    W_Offset                                 0x200001f4   Data           4  memory.o(.data)
    W_Length                                 0x200001f8   Data           4  memory.o(.data)
    .data                                    0x20000204   Section       15  fat16.o(.data)
    mHex                                     0x20000204   Data           4  fat16.o(.data)
    .bss                                     0x20000214   Section     2048  stmflash.o(.bss)
    .bss                                     0x20000a14   Section       28  usb_init.o(.bss)
    .bss                                     0x20000a30   Section      112  usb_bot.o(.bss)
    .bss                                     0x20000aa0   Section     2048  memory.o(.bss)
    .bss                                     0x200012a0   Section       32  fat16.o(.bss)
    .bss                                     0x200012c0   Section      214  hex.o(.bss)
    HexObj                                   0x200012c0   Data         214  hex.o(.bss)
    .bss                                     0x20001398   Section       96  libspace.o(.bss)
    HEAP                                     0x200013f8   Section      512  startup_stm32f10x_hd.o(HEAP)
    Heap_Mem                                 0x200013f8   Data         512  startup_stm32f10x_hd.o(HEAP)
    STACK                                    0x200015f8   Section     1024  startup_stm32f10x_hd.o(STACK)
    Stack_Mem                                0x200015f8   Data        1024  startup_stm32f10x_hd.o(STACK)
    __initial_sp                             0x200019f8   Data           0  startup_stm32f10x_hd.o(STACK)

    Global Symbols

    Symbol Name                              Value     Ov Type        Size  Object(Section)

    BuildAttributes$$THM_ISAv4$P$D$K$B$S$PE$A:L22UL41UL21$X:L11$S22US41US21$IEEE1$IW$USESV6$~STKCKD$USESV7$~SHL$OSPACE$ROPI$EBA8$UX$STANDARDLIB$REQ8$PRES8$EABIv2 0x00000000   Number         0  anon$$obj.o ABSOLUTE
    __ARM_use_no_argv                        0x00000000   Number         0  main.o ABSOLUTE
    __ARM_exceptions_init                     - Undefined Weak Reference
    __alloca_initialize                       - Undefined Weak Reference
    __arm_preinit_                            - Undefined Weak Reference
    __cpp_initialize__aeabi_                  - Undefined Weak Reference
    __cxa_finalize                            - Undefined Weak Reference
    __rt_locale                               - Undefined Weak Reference
    __sigvec_lookup                           - Undefined Weak Reference
    _atexit_init                              - Undefined Weak Reference
    _call_atexit_fns                          - Undefined Weak Reference
    _clock_init                               - Undefined Weak Reference
    _fp_trap_init                             - Undefined Weak Reference
    _fp_trap_shutdown                         - Undefined Weak Reference
    _get_lc_collate                           - Undefined Weak Reference
    _get_lc_ctype                             - Undefined Weak Reference
    _get_lc_monetary                          - Undefined Weak Reference
    _get_lc_numeric                           - Undefined Weak Reference
    _get_lc_time                              - Undefined Weak Reference
    _getenv_init                              - Undefined Weak Reference
    _handle_redirection                       - Undefined Weak Reference
    _init_alloc                               - Undefined Weak Reference
    _init_user_alloc                          - Undefined Weak Reference
    _initio                                   - Undefined Weak Reference
    _rand_init                                - Undefined Weak Reference
    _signal_finish                            - Undefined Weak Reference
    _signal_init                              - Undefined Weak Reference
    _terminate_alloc                          - Undefined Weak Reference
    _terminate_user_alloc                     - Undefined Weak Reference
    _terminateio                              - Undefined Weak Reference
    __Vectors_Size                           0x00000130   Number         0  startup_stm32f10x_hd.o ABSOLUTE
    __Vectors                                0x08000000   Data           4  startup_stm32f10x_hd.o(RESET)
    __Vectors_End                            0x08000130   Data           0  startup_stm32f10x_hd.o(RESET)
    __main                                   0x08000131   Thumb Code     8  __main.o(!!!main)
    __scatterload                            0x08000139   Thumb Code     0  __scatter.o(!!!scatter)
    __scatterload_rt2                        0x08000139   Thumb Code    44  __scatter.o(!!!scatter)
    __scatterload_rt2_thumb_only             0x08000139   Thumb Code     0  __scatter.o(!!!scatter)
    __scatterload_null                       0x08000147   Thumb Code     0  __scatter.o(!!!scatter)
    __decompress                             0x0800016d   Thumb Code    90  __dczerorl2.o(!!dczerorl2)
    __decompress1                            0x0800016d   Thumb Code     0  __dczerorl2.o(!!dczerorl2)
    __scatterload_zeroinit                   0x080001c9   Thumb Code    28  __scatter_zi.o(!!handler_zi)
    __rt_lib_init                            0x080001e5   Thumb Code     0  libinit.o(.ARM.Collect$$libinit$$00000000)
    __rt_lib_init_alloca_1                   0x080001e7   Thumb Code     0  libinit2.o(.ARM.Collect$$libinit$$0000002E)
    __rt_lib_init_argv_1                     0x080001e7   Thumb Code     0  libinit2.o(.ARM.Collect$$libinit$$0000002C)
    __rt_lib_init_atexit_1                   0x080001e7   Thumb Code     0  libinit2.o(.ARM.Collect$$libinit$$0000001B)
    __rt_lib_init_clock_1                    0x080001e7   Thumb Code     0  libinit2.o(.ARM.Collect$$libinit$$00000021)
    __rt_lib_init_cpp_1                      0x080001e7   Thumb Code     0  libinit2.o(.ARM.Collect$$libinit$$00000032)
    __rt_lib_init_exceptions_1               0x080001e7   Thumb Code     0  libinit2.o(.ARM.Collect$$libinit$$00000030)
    __rt_lib_init_fp_1                       0x080001e7   Thumb Code     0  libinit2.o(.ARM.Collect$$libinit$$00000002)
    __rt_lib_init_fp_trap_1                  0x080001e7   Thumb Code     0  libinit2.o(.ARM.Collect$$libinit$$0000001F)
    __rt_lib_init_getenv_1                   0x080001e7   Thumb Code     0  libinit2.o(.ARM.Collect$$libinit$$00000023)
    __rt_lib_init_heap_1                     0x080001e7   Thumb Code     0  libinit2.o(.ARM.Collect$$libinit$$0000000A)
    __rt_lib_init_lc_collate_1               0x080001e7   Thumb Code     0  libinit2.o(.ARM.Collect$$libinit$$00000011)
    __rt_lib_init_lc_ctype_1                 0x080001e7   Thumb Code     0  libinit2.o(.ARM.Collect$$libinit$$00000013)
    __rt_lib_init_lc_monetary_1              0x080001e7   Thumb Code     0  libinit2.o(.ARM.Collect$$libinit$$00000015)
    __rt_lib_init_lc_numeric_1               0x080001e7   Thumb Code     0  libinit2.o(.ARM.Collect$$libinit$$00000017)
    __rt_lib_init_lc_time_1                  0x080001e7   Thumb Code     0  libinit2.o(.ARM.Collect$$libinit$$00000019)
    __rt_lib_init_preinit_1                  0x080001e7   Thumb Code     0  libinit2.o(.ARM.Collect$$libinit$$00000004)
    __rt_lib_init_rand_1                     0x080001e7   Thumb Code     0  libinit2.o(.ARM.Collect$$libinit$$0000000E)
    __rt_lib_init_return                     0x080001e7   Thumb Code     0  libinit2.o(.ARM.Collect$$libinit$$00000033)
    __rt_lib_init_signal_1                   0x080001e7   Thumb Code     0  libinit2.o(.ARM.Collect$$libinit$$0000001D)
    __rt_lib_init_stdio_1                    0x080001e7   Thumb Code     0  libinit2.o(.ARM.Collect$$libinit$$00000025)
    __rt_lib_init_user_alloc_1               0x080001e7   Thumb Code     0  libinit2.o(.ARM.Collect$$libinit$$0000000C)
    __rt_lib_shutdown                        0x080001e9   Thumb Code     0  libshutdown.o(.ARM.Collect$$libshutdown$$00000000)
    __rt_lib_shutdown_cpp_1                  0x080001eb   Thumb Code     0  libshutdown2.o(.ARM.Collect$$libshutdown$$00000002)
    __rt_lib_shutdown_fp_trap_1              0x080001eb   Thumb Code     0  libshutdown2.o(.ARM.Collect$$libshutdown$$00000007)
    __rt_lib_shutdown_heap_1                 0x080001eb   Thumb Code     0  libshutdown2.o(.ARM.Collect$$libshutdown$$0000000F)
    __rt_lib_shutdown_return                 0x080001eb   Thumb Code     0  libshutdown2.o(.ARM.Collect$$libshutdown$$00000010)
    __rt_lib_shutdown_signal_1               0x080001eb   Thumb Code     0  libshutdown2.o(.ARM.Collect$$libshutdown$$0000000A)
    __rt_lib_shutdown_stdio_1                0x080001eb   Thumb Code     0  libshutdown2.o(.ARM.Collect$$libshutdown$$00000004)
    __rt_lib_shutdown_user_alloc_1           0x080001eb   Thumb Code     0  libshutdown2.o(.ARM.Collect$$libshutdown$$0000000C)
    __rt_entry                               0x080001ed   Thumb Code     0  __rtentry.o(.ARM.Collect$$rtentry$$00000000)
    __rt_entry_presh_1                       0x080001ed   Thumb Code     0  __rtentry2.o(.ARM.Collect$$rtentry$$00000002)
    __rt_entry_sh                            0x080001ed   Thumb Code     0  __rtentry4.o(.ARM.Collect$$rtentry$$00000004)
    __rt_entry_li                            0x080001f3   Thumb Code     0  __rtentry2.o(.ARM.Collect$$rtentry$$0000000A)
    __rt_entry_postsh_1                      0x080001f3   Thumb Code     0  __rtentry2.o(.ARM.Collect$$rtentry$$00000009)
    __rt_entry_main                          0x080001f7   Thumb Code     0  __rtentry2.o(.ARM.Collect$$rtentry$$0000000D)
    __rt_entry_postli_1                      0x080001f7   Thumb Code     0  __rtentry2.o(.ARM.Collect$$rtentry$$0000000C)
    __rt_exit                                0x080001ff   Thumb Code     0  rtexit.o(.ARM.Collect$$rtexit$$00000000)
    __rt_exit_ls                             0x08000201   Thumb Code     0  rtexit2.o(.ARM.Collect$$rtexit$$00000003)
    __rt_exit_prels_1                        0x08000201   Thumb Code     0  rtexit2.o(.ARM.Collect$$rtexit$$00000002)
    __rt_exit_exit                           0x08000205   Thumb Code     0  rtexit2.o(.ARM.Collect$$rtexit$$00000004)
    usb_port_set                             0x0800020d   Thumb Code    64  main.o(.text)
    BL_Init                                  0x0800024d   Thumb Code    46  main.o(.text)
    API_delay_ms                             0x0800027b   Thumb Code    22  main.o(.text)
    APP_Init                                 0x08000291   Thumb Code    52  main.o(.text)
    ResetUSB                                 0x080002c5   Thumb Code    46  main.o(.text)
    EventDispatch                            0x080002f3   Thumb Code   194  main.o(.text)
    USB_PlugOn                               0x080003b5   Thumb Code     8  main.o(.text)
    main                                     0x080003bd   Thumb Code    90  main.o(.text)
    USB_HP_CAN1_TX_IRQHandler                0x08000471   Thumb Code     4  stm32f10x_it.o(.text)
    USB_LP_CAN1_RX0_IRQHandler               0x08000475   Thumb Code     4  stm32f10x_it.o(.text)
    USBWakeUp_IRQHandler                     0x08000479   Thumb Code     2  stm32f10x_it.o(.text)
    SystemInit                               0x0800051d   Thumb Code    64  system_stm32f10x.o(.text)
    SystemCoreClockUpdate                    0x0800055d   Thumb Code    86  system_stm32f10x.o(.text)
    STMFLASH_ReadHalfWord                    0x080005d5   Thumb Code     4  stmflash.o(.text)
    STMFLASH_Write_NoCheck                   0x080005d9   Thumb Code    38  stmflash.o(.text)
    STMFLASH_Read                            0x080005ff   Thumb Code    50  stmflash.o(.text)
    STMFLASH_Write                           0x08000631   Thumb Code   176  stmflash.o(.text)
    Test_Write                               0x080006e1   Thumb Code    12  stmflash.o(.text)
    LED_Init                                 0x080006f5   Thumb Code    70  led.o(.text)
    delay_init                               0x08000745   Thumb Code    46  delay.o(.text)
    delay_us                                 0x08000773   Thumb Code    46  delay.o(.text)
    delay_ms                                 0x080007a1   Thumb Code    46  delay.o(.text)
    NVIC_Configuration                       0x080007dd   Thumb Code     8  sys.o(.text)
    Reset_Handler                            0x080007e5   Thumb Code     8  startup_stm32f10x_hd.o(.text)
    NMI_Handler                              0x080007ed   Thumb Code     2  startup_stm32f10x_hd.o(.text)
    HardFault_Handler                        0x080007ef   Thumb Code     2  startup_stm32f10x_hd.o(.text)
    MemManage_Handler                        0x080007f1   Thumb Code     2  startup_stm32f10x_hd.o(.text)
    BusFault_Handler                         0x080007f3   Thumb Code     2  startup_stm32f10x_hd.o(.text)
    UsageFault_Handler                       0x080007f5   Thumb Code     2  startup_stm32f10x_hd.o(.text)
    SVC_Handler                              0x080007f7   Thumb Code     2  startup_stm32f10x_hd.o(.text)
    DebugMon_Handler                         0x080007f9   Thumb Code     2  startup_stm32f10x_hd.o(.text)
    PendSV_Handler                           0x080007fb   Thumb Code     2  startup_stm32f10x_hd.o(.text)
    SysTick_Handler                          0x080007fd   Thumb Code     2  startup_stm32f10x_hd.o(.text)
    ADC1_2_IRQHandler                        0x080007ff   Thumb Code     0  startup_stm32f10x_hd.o(.text)
    ADC3_IRQHandler                          0x080007ff   Thumb Code     0  startup_stm32f10x_hd.o(.text)
    CAN1_RX1_IRQHandler                      0x080007ff   Thumb Code     0  startup_stm32f10x_hd.o(.text)
    CAN1_SCE_IRQHandler                      0x080007ff   Thumb Code     0  startup_stm32f10x_hd.o(.text)
    DMA1_Channel1_IRQHandler                 0x080007ff   Thumb Code     0  startup_stm32f10x_hd.o(.text)
    DMA1_Channel2_IRQHandler                 0x080007ff   Thumb Code     0  startup_stm32f10x_hd.o(.text)
    DMA1_Channel3_IRQHandler                 0x080007ff   Thumb Code     0  startup_stm32f10x_hd.o(.text)
    DMA1_Channel4_IRQHandler                 0x080007ff   Thumb Code     0  startup_stm32f10x_hd.o(.text)
    DMA1_Channel5_IRQHandler                 0x080007ff   Thumb Code     0  startup_stm32f10x_hd.o(.text)
    DMA1_Channel6_IRQHandler                 0x080007ff   Thumb Code     0  startup_stm32f10x_hd.o(.text)
    DMA1_Channel7_IRQHandler                 0x080007ff   Thumb Code     0  startup_stm32f10x_hd.o(.text)
    DMA2_Channel1_IRQHandler                 0x080007ff   Thumb Code     0  startup_stm32f10x_hd.o(.text)
    DMA2_Channel2_IRQHandler                 0x080007ff   Thumb Code     0  startup_stm32f10x_hd.o(.text)
    DMA2_Channel3_IRQHandler                 0x080007ff   Thumb Code     0  startup_stm32f10x_hd.o(.text)
    DMA2_Channel4_5_IRQHandler               0x080007ff   Thumb Code     0  startup_stm32f10x_hd.o(.text)
    EXTI0_IRQHandler                         0x080007ff   Thumb Code     0  startup_stm32f10x_hd.o(.text)
    EXTI15_10_IRQHandler                     0x080007ff   Thumb Code     0  startup_stm32f10x_hd.o(.text)
    EXTI1_IRQHandler                         0x080007ff   Thumb Code     0  startup_stm32f10x_hd.o(.text)
    EXTI2_IRQHandler                         0x080007ff   Thumb Code     0  startup_stm32f10x_hd.o(.text)
    EXTI3_IRQHandler                         0x080007ff   Thumb Code     0  startup_stm32f10x_hd.o(.text)
    EXTI4_IRQHandler                         0x080007ff   Thumb Code     0  startup_stm32f10x_hd.o(.text)
    EXTI9_5_IRQHandler                       0x080007ff   Thumb Code     0  startup_stm32f10x_hd.o(.text)
    FLASH_IRQHandler                         0x080007ff   Thumb Code     0  startup_stm32f10x_hd.o(.text)
    FSMC_IRQHandler                          0x080007ff   Thumb Code     0  startup_stm32f10x_hd.o(.text)
    I2C1_ER_IRQHandler                       0x080007ff   Thumb Code     0  startup_stm32f10x_hd.o(.text)
    I2C1_EV_IRQHandler                       0x080007ff   Thumb Code     0  startup_stm32f10x_hd.o(.text)
    I2C2_ER_IRQHandler                       0x080007ff   Thumb Code     0  startup_stm32f10x_hd.o(.text)
    I2C2_EV_IRQHandler                       0x080007ff   Thumb Code     0  startup_stm32f10x_hd.o(.text)
    PVD_IRQHandler                           0x080007ff   Thumb Code     0  startup_stm32f10x_hd.o(.text)
    RCC_IRQHandler                           0x080007ff   Thumb Code     0  startup_stm32f10x_hd.o(.text)
    RTCAlarm_IRQHandler                      0x080007ff   Thumb Code     0  startup_stm32f10x_hd.o(.text)
    RTC_IRQHandler                           0x080007ff   Thumb Code     0  startup_stm32f10x_hd.o(.text)
    SDIO_IRQHandler                          0x080007ff   Thumb Code     0  startup_stm32f10x_hd.o(.text)
    SPI1_IRQHandler                          0x080007ff   Thumb Code     0  startup_stm32f10x_hd.o(.text)
    SPI2_IRQHandler                          0x080007ff   Thumb Code     0  startup_stm32f10x_hd.o(.text)
    SPI3_IRQHandler                          0x080007ff   Thumb Code     0  startup_stm32f10x_hd.o(.text)
    TAMPER_IRQHandler                        0x080007ff   Thumb Code     0  startup_stm32f10x_hd.o(.text)
    TIM1_BRK_IRQHandler                      0x080007ff   Thumb Code     0  startup_stm32f10x_hd.o(.text)
    TIM1_CC_IRQHandler                       0x080007ff   Thumb Code     0  startup_stm32f10x_hd.o(.text)
    TIM1_TRG_COM_IRQHandler                  0x080007ff   Thumb Code     0  startup_stm32f10x_hd.o(.text)
    TIM1_UP_IRQHandler                       0x080007ff   Thumb Code     0  startup_stm32f10x_hd.o(.text)
    TIM2_IRQHandler                          0x080007ff   Thumb Code     0  startup_stm32f10x_hd.o(.text)
    TIM3_IRQHandler                          0x080007ff   Thumb Code     0  startup_stm32f10x_hd.o(.text)
    TIM4_IRQHandler                          0x080007ff   Thumb Code     0  startup_stm32f10x_hd.o(.text)
    TIM5_IRQHandler                          0x080007ff   Thumb Code     0  startup_stm32f10x_hd.o(.text)
    TIM6_IRQHandler                          0x080007ff   Thumb Code     0  startup_stm32f10x_hd.o(.text)
    TIM7_IRQHandler                          0x080007ff   Thumb Code     0  startup_stm32f10x_hd.o(.text)
    TIM8_BRK_IRQHandler                      0x080007ff   Thumb Code     0  startup_stm32f10x_hd.o(.text)
    TIM8_CC_IRQHandler                       0x080007ff   Thumb Code     0  startup_stm32f10x_hd.o(.text)
    TIM8_TRG_COM_IRQHandler                  0x080007ff   Thumb Code     0  startup_stm32f10x_hd.o(.text)
    TIM8_UP_IRQHandler                       0x080007ff   Thumb Code     0  startup_stm32f10x_hd.o(.text)
    UART4_IRQHandler                         0x080007ff   Thumb Code     0  startup_stm32f10x_hd.o(.text)
    UART5_IRQHandler                         0x080007ff   Thumb Code     0  startup_stm32f10x_hd.o(.text)
    USART1_IRQHandler                        0x080007ff   Thumb Code     0  startup_stm32f10x_hd.o(.text)
    USART2_IRQHandler                        0x080007ff   Thumb Code     0  startup_stm32f10x_hd.o(.text)
    USART3_IRQHandler                        0x080007ff   Thumb Code     0  startup_stm32f10x_hd.o(.text)
    WWDG_IRQHandler                          0x080007ff   Thumb Code     0  startup_stm32f10x_hd.o(.text)
    __user_initial_stackheap                 0x08000801   Thumb Code     0  startup_stm32f10x_hd.o(.text)
    NVIC_PriorityGroupConfig                 0x08000825   Thumb Code    10  misc.o(.text)
    NVIC_Init                                0x0800082f   Thumb Code    94  misc.o(.text)
    NVIC_SetVectorTable                      0x0800088d   Thumb Code    14  misc.o(.text)
    NVIC_SystemLPConfig                      0x0800089b   Thumb Code    20  misc.o(.text)
    SysTick_CLKSourceConfig                  0x080008af   Thumb Code    24  misc.o(.text)
    GPIO_DeInit                              0x080008d5   Thumb Code   152  stm32f10x_gpio.o(.text)
    GPIO_AFIODeInit                          0x0800096d   Thumb Code    22  stm32f10x_gpio.o(.text)
    GPIO_Init                                0x08000983   Thumb Code   156  stm32f10x_gpio.o(.text)
    GPIO_StructInit                          0x08000a1f   Thumb Code    16  stm32f10x_gpio.o(.text)
    GPIO_ReadInputDataBit                    0x08000a2f   Thumb Code    14  stm32f10x_gpio.o(.text)
    GPIO_ReadInputData                       0x08000a3d   Thumb Code     6  stm32f10x_gpio.o(.text)
    GPIO_ReadOutputDataBit                   0x08000a43   Thumb Code    14  stm32f10x_gpio.o(.text)
    GPIO_ReadOutputData                      0x08000a51   Thumb Code     6  stm32f10x_gpio.o(.text)
    GPIO_SetBits                             0x08000a57   Thumb Code     4  stm32f10x_gpio.o(.text)
    GPIO_ResetBits                           0x08000a5b   Thumb Code     4  stm32f10x_gpio.o(.text)
    GPIO_WriteBit                            0x08000a5f   Thumb Code    10  stm32f10x_gpio.o(.text)
    GPIO_Write                               0x08000a69   Thumb Code     4  stm32f10x_gpio.o(.text)
    GPIO_PinLockConfig                       0x08000a6d   Thumb Code    16  stm32f10x_gpio.o(.text)
    GPIO_EventOutputConfig                   0x08000a7d   Thumb Code    22  stm32f10x_gpio.o(.text)
    GPIO_EventOutputCmd                      0x08000a93   Thumb Code     6  stm32f10x_gpio.o(.text)
    GPIO_PinRemapConfig                      0x08000a99   Thumb Code    82  stm32f10x_gpio.o(.text)
    GPIO_EXTILineConfig                      0x08000aeb   Thumb Code    34  stm32f10x_gpio.o(.text)
    GPIO_ETH_MediaInterfaceConfig            0x08000b0d   Thumb Code     8  stm32f10x_gpio.o(.text)
    RCC_DeInit                               0x08000b39   Thumb Code    50  stm32f10x_rcc.o(.text)
    RCC_HSEConfig                            0x08000b6b   Thumb Code    48  stm32f10x_rcc.o(.text)
    RCC_GetFlagStatus                        0x08000b9b   Thumb Code    42  stm32f10x_rcc.o(.text)
    RCC_WaitForHSEStartUp                    0x08000bc5   Thumb Code    44  stm32f10x_rcc.o(.text)
    RCC_AdjustHSICalibrationValue            0x08000bf1   Thumb Code    16  stm32f10x_rcc.o(.text)
    RCC_HSICmd                               0x08000c01   Thumb Code     6  stm32f10x_rcc.o(.text)
    RCC_PLLConfig                            0x08000c07   Thumb Code    16  stm32f10x_rcc.o(.text)
    RCC_PLLCmd                               0x08000c17   Thumb Code     6  stm32f10x_rcc.o(.text)
    RCC_SYSCLKConfig                         0x08000c1d   Thumb Code    14  stm32f10x_rcc.o(.text)
    RCC_GetSYSCLKSource                      0x08000c2b   Thumb Code    10  stm32f10x_rcc.o(.text)
    RCC_HCLKConfig                           0x08000c35   Thumb Code    14  stm32f10x_rcc.o(.text)
    RCC_PCLK1Config                          0x08000c43   Thumb Code    14  stm32f10x_rcc.o(.text)
    RCC_PCLK2Config                          0x08000c51   Thumb Code    16  stm32f10x_rcc.o(.text)
    RCC_ITConfig                             0x08000c61   Thumb Code    18  stm32f10x_rcc.o(.text)
    RCC_USBCLKConfig                         0x08000c73   Thumb Code     8  stm32f10x_rcc.o(.text)
    RCC_ADCCLKConfig                         0x08000c7b   Thumb Code    14  stm32f10x_rcc.o(.text)
    RCC_LSEConfig                            0x08000c89   Thumb Code    28  stm32f10x_rcc.o(.text)
    RCC_LSICmd                               0x08000ca5   Thumb Code     6  stm32f10x_rcc.o(.text)
    RCC_RTCCLKConfig                         0x08000cab   Thumb Code    10  stm32f10x_rcc.o(.text)
    RCC_RTCCLKCmd                            0x08000cb5   Thumb Code     8  stm32f10x_rcc.o(.text)
    RCC_GetClocksFreq                        0x08000cbd   Thumb Code   132  stm32f10x_rcc.o(.text)
    RCC_AHBPeriphClockCmd                    0x08000d41   Thumb Code    18  stm32f10x_rcc.o(.text)
    RCC_APB2PeriphClockCmd                   0x08000d53   Thumb Code    18  stm32f10x_rcc.o(.text)
    RCC_APB1PeriphClockCmd                   0x08000d65   Thumb Code    18  stm32f10x_rcc.o(.text)
    RCC_APB2PeriphResetCmd                   0x08000d77   Thumb Code    18  stm32f10x_rcc.o(.text)
    RCC_APB1PeriphResetCmd                   0x08000d89   Thumb Code    18  stm32f10x_rcc.o(.text)
    RCC_BackupResetCmd                       0x08000d9b   Thumb Code     8  stm32f10x_rcc.o(.text)
    RCC_ClockSecuritySystemCmd               0x08000da3   Thumb Code     6  stm32f10x_rcc.o(.text)
    RCC_MCOConfig                            0x08000da9   Thumb Code     6  stm32f10x_rcc.o(.text)
    RCC_ClearFlag                            0x08000daf   Thumb Code    12  stm32f10x_rcc.o(.text)
    RCC_GetITStatus                          0x08000dbb   Thumb Code    16  stm32f10x_rcc.o(.text)
    RCC_ClearITPendingBit                    0x08000dcb   Thumb Code     6  stm32f10x_rcc.o(.text)
    EXTI_DeInit                              0x08000df1   Thumb Code    28  stm32f10x_exti.o(.text)
    EXTI_Init                                0x08000e0d   Thumb Code   108  stm32f10x_exti.o(.text)
    EXTI_StructInit                          0x08000e79   Thumb Code    14  stm32f10x_exti.o(.text)
    EXTI_GenerateSWInterrupt                 0x08000e87   Thumb Code    12  stm32f10x_exti.o(.text)
    EXTI_GetFlagStatus                       0x08000e93   Thumb Code    18  stm32f10x_exti.o(.text)
    EXTI_ClearFlag                           0x08000ea5   Thumb Code     8  stm32f10x_exti.o(.text)
    EXTI_GetITStatus                         0x08000ead   Thumb Code    28  stm32f10x_exti.o(.text)
    EXTI_ClearITPendingBit                   0x08000ec9   Thumb Code     8  stm32f10x_exti.o(.text)
    FLASH_SetLatency                         0x08000ed9   Thumb Code    14  stm32f10x_flash.o(.text)
    FLASH_HalfCycleAccessCmd                 0x08000ee7   Thumb Code    18  stm32f10x_flash.o(.text)
    FLASH_PrefetchBufferCmd                  0x08000ef9   Thumb Code    18  stm32f10x_flash.o(.text)
    FLASH_Unlock                             0x08000f0b   Thumb Code    12  stm32f10x_flash.o(.text)
    FLASH_UnlockBank1                        0x08000f17   Thumb Code    12  stm32f10x_flash.o(.text)
    FLASH_Lock                               0x08000f23   Thumb Code    12  stm32f10x_flash.o(.text)
    FLASH_LockBank1                          0x08000f2f   Thumb Code    12  stm32f10x_flash.o(.text)
    FLASH_GetBank1Status                     0x08000f3b   Thumb Code    34  stm32f10x_flash.o(.text)
    FLASH_WaitForLastOperation               0x08000f5d   Thumb Code    34  stm32f10x_flash.o(.text)
    FLASH_ErasePage                          0x08000f7f   Thumb Code    56  stm32f10x_flash.o(.text)
    FLASH_EraseAllPages                      0x08000fb7   Thumb Code    52  stm32f10x_flash.o(.text)
    FLASH_WaitForLastBank1Operation          0x08000feb   Thumb Code    34  stm32f10x_flash.o(.text)
    FLASH_EraseAllBank1Pages                 0x0800100d   Thumb Code    52  stm32f10x_flash.o(.text)
    FLASH_GetReadOutProtectionStatus         0x08001041   Thumb Code    14  stm32f10x_flash.o(.text)
    FLASH_EraseOptionBytes                   0x0800104f   Thumb Code   108  stm32f10x_flash.o(.text)
    FLASH_ProgramWord                        0x080010bb   Thumb Code    72  stm32f10x_flash.o(.text)
    FLASH_ProgramHalfWord                    0x08001103   Thumb Code    50  stm32f10x_flash.o(.text)
    FLASH_ProgramOptionByteData              0x08001135   Thumb Code    62  stm32f10x_flash.o(.text)
    FLASH_EnableWriteProtection              0x08001173   Thumb Code   158  stm32f10x_flash.o(.text)
    FLASH_ReadOutProtection                  0x08001211   Thumb Code   118  stm32f10x_flash.o(.text)
    FLASH_UserOptionByteConfig               0x08001287   Thumb Code    94  stm32f10x_flash.o(.text)
    FLASH_GetUserOptionByte                  0x080012e5   Thumb Code     8  stm32f10x_flash.o(.text)
    FLASH_GetWriteProtectionOptionByte       0x080012ed   Thumb Code     6  stm32f10x_flash.o(.text)
    FLASH_GetPrefetchBufferStatus            0x080012f3   Thumb Code    14  stm32f10x_flash.o(.text)
    FLASH_ITConfig                           0x08001301   Thumb Code    18  stm32f10x_flash.o(.text)
    FLASH_GetFlagStatus                      0x08001313   Thumb Code    28  stm32f10x_flash.o(.text)
    FLASH_ClearFlag                          0x0800132f   Thumb Code     6  stm32f10x_flash.o(.text)
    FLASH_GetStatus                          0x08001335   Thumb Code    34  stm32f10x_flash.o(.text)
    Standard_GetConfiguration                0x0800135d   Thumb Code    30  usb_core.o(.text)
    Standard_SetConfiguration                0x0800137b   Thumb Code    42  usb_core.o(.text)
    Standard_GetInterface                    0x080013a5   Thumb Code    30  usb_core.o(.text)
    Standard_SetInterface                    0x080013c3   Thumb Code    60  usb_core.o(.text)
    Standard_GetStatus                       0x080013ff   Thumb Code   124  usb_core.o(.text)
    Standard_ClearFeature                    0x0800147b   Thumb Code   218  usb_core.o(.text)
    Standard_SetEndPointFeature              0x08001555   Thumb Code   112  usb_core.o(.text)
    Standard_SetDeviceFeature                0x080015c5   Thumb Code    26  usb_core.o(.text)
    Standard_GetDescriptorData               0x080015df   Thumb Code    24  usb_core.o(.text)
    Post0_Process                            0x08001903   Thumb Code    52  usb_core.o(.text)
    Setup0_Process                           0x08001937   Thumb Code    90  usb_core.o(.text)
    SetDeviceAddress                         0x08001991   Thumb Code    52  usb_core.o(.text)
    In0_Process                              0x080019c5   Thumb Code    84  usb_core.o(.text)
    Out0_Process                             0x08001a19   Thumb Code    52  usb_core.o(.text)
    NOP_Process                              0x08001a4d   Thumb Code     2  usb_core.o(.text)
    USB_Init                                 0x08001b09   Thumb Code    22  usb_init.o(.text)
    CTR_LP                                   0x08001b31   Thumb Code   318  usb_int.o(.text)
    CTR_HP                                   0x08001c6f   Thumb Code   104  usb_int.o(.text)
    UserToPMABufferCopy                      0x08001cf5   Thumb Code    36  usb_mem.o(.text)
    PMAToUserBufferCopy                      0x08001d19   Thumb Code    26  usb_mem.o(.text)
    SetCNTR                                  0x08001d39   Thumb Code     6  usb_regs.o(.text)
    GetCNTR                                  0x08001d3f   Thumb Code     8  usb_regs.o(.text)
    SetISTR                                  0x08001d47   Thumb Code     8  usb_regs.o(.text)
    GetISTR                                  0x08001d4f   Thumb Code    10  usb_regs.o(.text)
    GetFNR                                   0x08001d59   Thumb Code    10  usb_regs.o(.text)
    SetDADDR                                 0x08001d63   Thumb Code     8  usb_regs.o(.text)
    GetDADDR                                 0x08001d6b   Thumb Code    10  usb_regs.o(.text)
    SetBTABLE                                0x08001d75   Thumb Code    12  usb_regs.o(.text)
    GetBTABLE                                0x08001d81   Thumb Code    10  usb_regs.o(.text)
    SetENDPOINT                              0x08001d8b   Thumb Code    12  usb_regs.o(.text)
    GetENDPOINT                              0x08001d97   Thumb Code    14  usb_regs.o(.text)
    SetEPType                                0x08001da5   Thumb Code    24  usb_regs.o(.text)
    GetEPType                                0x08001dbd   Thumb Code    18  usb_regs.o(.text)
    SetEPTxStatus                            0x08001dcf   Thumb Code    38  usb_regs.o(.text)
    SetEPRxStatus                            0x08001df5   Thumb Code    38  usb_regs.o(.text)
    SetDouBleBuffEPStall                     0x08001e1b   Thumb Code    40  usb_regs.o(.text)
    GetEPTxStatus                            0x08001e43   Thumb Code    18  usb_regs.o(.text)
    GetEPRxStatus                            0x08001e55   Thumb Code    18  usb_regs.o(.text)
    SetEPTxValid                             0x08001e67   Thumb Code    26  usb_regs.o(.text)
    SetEPRxValid                             0x08001e81   Thumb Code    26  usb_regs.o(.text)
    SetEP_KIND                               0x08001e9b   Thumb Code    26  usb_regs.o(.text)
    ClearEP_KIND                             0x08001eb5   Thumb Code    22  usb_regs.o(.text)
    Clear_Status_Out                         0x08001ecb   Thumb Code    22  usb_regs.o(.text)
    Set_Status_Out                           0x08001ee1   Thumb Code    26  usb_regs.o(.text)
    SetEPDoubleBuff                          0x08001efb   Thumb Code    26  usb_regs.o(.text)
    ClearEPDoubleBuff                        0x08001f15   Thumb Code    22  usb_regs.o(.text)
    GetTxStallStatus                         0x08001f2b   Thumb Code    22  usb_regs.o(.text)
    GetRxStallStatus                         0x08001f41   Thumb Code    22  usb_regs.o(.text)
    ClearEP_CTR_RX                           0x08001f57   Thumb Code    22  usb_regs.o(.text)
    ClearEP_CTR_TX                           0x08001f6d   Thumb Code    22  usb_regs.o(.text)
    ToggleDTOG_RX                            0x08001f83   Thumb Code    26  usb_regs.o(.text)
    ToggleDTOG_TX                            0x08001f9d   Thumb Code    26  usb_regs.o(.text)
    ClearDTOG_RX                             0x08001fb7   Thumb Code    34  usb_regs.o(.text)
    ClearDTOG_TX                             0x08001fd9   Thumb Code    34  usb_regs.o(.text)
    SetEPAddress                             0x08001ffb   Thumb Code    24  usb_regs.o(.text)
    GetEPAddress                             0x08002013   Thumb Code    16  usb_regs.o(.text)
    SetEPTxAddr                              0x08002023   Thumb Code    24  usb_regs.o(.text)
    SetEPRxAddr                              0x0800203b   Thumb Code    26  usb_regs.o(.text)
    GetEPTxAddr                              0x08002055   Thumb Code    22  usb_regs.o(.text)
    GetEPRxAddr                              0x0800206b   Thumb Code    24  usb_regs.o(.text)
    SetEPTxCount                             0x08002083   Thumb Code    22  usb_regs.o(.text)
    SetEPCountRxReg                          0x08002099   Thumb Code    38  usb_regs.o(.text)
    SetEPRxCount                             0x080020bf   Thumb Code    58  usb_regs.o(.text)
    GetEPTxCount                             0x080020f9   Thumb Code    26  usb_regs.o(.text)
    GetEPRxCount                             0x08002113   Thumb Code    38  usb_regs.o(.text)
    SetEPDblBuffAddr                         0x08002139   Thumb Code    42  usb_regs.o(.text)
    SetEPDblBuf0Addr                         0x08002163   Thumb Code    22  usb_regs.o(.text)
    SetEPDblBuf1Addr                         0x08002179   Thumb Code    24  usb_regs.o(.text)
    GetEPDblBuf0Addr                         0x08002191   Thumb Code    20  usb_regs.o(.text)
    GetEPDblBuf1Addr                         0x080021a5   Thumb Code    22  usb_regs.o(.text)
    SetEPDblBuffCount                        0x080021bb   Thumb Code   156  usb_regs.o(.text)
    SetEPDblBuf0Count                        0x08002257   Thumb Code    82  usb_regs.o(.text)
    SetEPDblBuf1Count                        0x080022a9   Thumb Code    82  usb_regs.o(.text)
    GetEPDblBuf0Count                        0x080022fb   Thumb Code    24  usb_regs.o(.text)
    GetEPDblBuf1Count                        0x08002313   Thumb Code    24  usb_regs.o(.text)
    GetEPDblBufDir                           0x0800232b   Thumb Code    50  usb_regs.o(.text)
    FreeUserBuffer                           0x0800235d   Thumb Code    46  usb_regs.o(.text)
    ToWord                                   0x0800238b   Thumb Code     6  usb_regs.o(.text)
    ByteSwap                                 0x08002391   Thumb Code    10  usb_regs.o(.text)
    Set_USBClock                             0x080023a9   Thumb Code    20  hw_config.o(.text)
    Enter_LowPowerMode                       0x080023bd   Thumb Code     8  hw_config.o(.text)
    Leave_LowPowerMode                       0x080023c5   Thumb Code    18  hw_config.o(.text)
    USB_Interrupts_Config                    0x080023d7   Thumb Code    84  hw_config.o(.text)
    Led_RW_ON                                0x0800242b   Thumb Code    10  hw_config.o(.text)
    Led_RW_OFF                               0x08002435   Thumb Code    10  hw_config.o(.text)
    USB_Configured_LED                       0x0800243f   Thumb Code     2  hw_config.o(.text)
    USB_NotConfigured_LED                    0x08002441   Thumb Code     2  hw_config.o(.text)
    USB_Cable_Config                         0x08002443   Thumb Code    12  hw_config.o(.text)
    Get_SerialNum                            0x0800244f   Thumb Code    64  hw_config.o(.text)
    MAL_Config                               0x0800248f   Thumb Code     6  hw_config.o(.text)
    USB_Disconnect_Config                    0x08002495   Thumb Code     2  hw_config.o(.text)
    MAL_Init                                 0x080024ad   Thumb Code    18  mass_mal.o(.text)
    MAL_Write                                0x080024bf   Thumb Code    28  mass_mal.o(.text)
    MAL_Read                                 0x080024db   Thumb Code    44  mass_mal.o(.text)
    MAL_GetStatus                            0x08002507   Thumb Code    36  mass_mal.o(.text)
    Set_CSW                                  0x08002535   Thumb Code    58  usb_bot.o(.text)
    Mass_Storage_In                          0x0800256f   Thumb Code    94  usb_bot.o(.text)
    Bot_Abort                                0x080025cd   Thumb Code    50  usb_bot.o(.text)
    CBW_Decode                               0x080025ff   Thumb Code   388  usb_bot.o(.text)
    Mass_Storage_Out                         0x08002783   Thumb Code   112  usb_bot.o(.text)
    Transfer_Data_Request                    0x080027f3   Thumb Code    48  usb_bot.o(.text)
    EP1_IN_Callback                          0x0800283d   Thumb Code     4  usb_endp.o(.text)
    EP2_OUT_Callback                         0x08002841   Thumb Code     4  usb_endp.o(.text)
    USB_Istr                                 0x08002845   Thumb Code    54  usb_istr.o(.text)
    MASS_init                                0x0800288d   Thumb Code    42  usb_prop.o(.text)
    MASS_Reset                               0x080028b7   Thumb Code   200  usb_prop.o(.text)
    Mass_Storage_SetConfiguration            0x0800297f   Thumb Code    38  usb_prop.o(.text)
    Mass_Storage_ClearFeature                0x080029a5   Thumb Code    18  usb_prop.o(.text)
    Mass_Storage_SetDeviceAddress            0x080029b7   Thumb Code     8  usb_prop.o(.text)
    MASS_Status_In                           0x080029bf   Thumb Code     2  usb_prop.o(.text)
    MASS_Status_Out                          0x080029c1   Thumb Code     2  usb_prop.o(.text)
    Get_Max_Lun                              0x080029c3   Thumb Code    20  usb_prop.o(.text)
    MASS_Data_Setup                          0x080029d7   Thumb Code    56  usb_prop.o(.text)
    MASS_NoData_Setup                        0x08002a0f   Thumb Code    62  usb_prop.o(.text)
    MASS_Get_Interface_Setting               0x08002a4d   Thumb Code    10  usb_prop.o(.text)
    MASS_GetDeviceDescriptor                 0x08002a57   Thumb Code     8  usb_prop.o(.text)
    MASS_GetConfigDescriptor                 0x08002a5f   Thumb Code     8  usb_prop.o(.text)
    MASS_GetStringDescriptor                 0x08002a67   Thumb Code    26  usb_prop.o(.text)
    PowerOn                                  0x08002aa9   Thumb Code    36  usb_pwr.o(.text)
    PowerOff                                 0x08002acd   Thumb Code    26  usb_pwr.o(.text)
    Suspend                                  0x08002ae7   Thumb Code    26  usb_pwr.o(.text)
    Resume_Init                              0x08002b01   Thumb Code    26  usb_pwr.o(.text)
    Resume                                   0x08002b1b   Thumb Code   116  usb_pwr.o(.text)
    SCSI_Inquiry_Cmd                         0x08002b9d   Thumb Code    34  usb_scsi.o(.text)
    Set_Scsi_Sense_Data                      0x08002bbf   Thumb Code     8  usb_scsi.o(.text)
    SCSI_ReadFormatCapacity_Cmd              0x08002bc7   Thumb Code    90  usb_scsi.o(.text)
    SCSI_ReadCapacity10_Cmd                  0x08002c21   Thumb Code    96  usb_scsi.o(.text)
    SCSI_ModeSense6_Cmd                      0x08002c81   Thumb Code     8  usb_scsi.o(.text)
    SCSI_ModeSense10_Cmd                     0x08002c89   Thumb Code     8  usb_scsi.o(.text)
    SCSI_RequestSense_Cmd                    0x08002c91   Thumb Code    16  usb_scsi.o(.text)
    SCSI_Start_Stop_Unit_Cmd                 0x08002ca1   Thumb Code     8  usb_scsi.o(.text)
    SCSI_Address_Management                  0x08002ca9   Thumb Code    98  usb_scsi.o(.text)
    SCSI_Read10_Cmd                          0x08002d0b   Thumb Code    96  usb_scsi.o(.text)
    SCSI_Write10_Cmd                         0x08002d6b   Thumb Code    94  usb_scsi.o(.text)
    SCSI_Verify10_Cmd                        0x08002dc9   Thumb Code    48  usb_scsi.o(.text)
    SCSI_Valid_Cmd                           0x08002df9   Thumb Code    42  usb_scsi.o(.text)
    SCSI_TestUnitReady_Cmd                   0x08002e23   Thumb Code    50  usb_scsi.o(.text)
    SCSI_Format_Cmd                          0x08002e55   Thumb Code    42  usb_scsi.o(.text)
    SCSI_Invalid_Cmd                         0x08002e7f   Thumb Code    46  usb_scsi.o(.text)
    Read_Memory                              0x08002edd   Thumb Code   186  memory.o(.text)
    Write_Memory                             0x08002f97   Thumb Code   204  memory.o(.text)
    FATReadLBA                               0x08003081   Thumb Code   188  fat16.o(.text)
    FAT_RootDirWriteRequest                  0x0800313d   Thumb Code    62  fat16.o(.text)
    FAT_DataSectorWriteRequest               0x0800317b   Thumb Code   250  fat16.o(.text)
    FATWriteLBA                              0x08003275   Thumb Code    54  fat16.o(.text)
    FATSetStatusFileName                     0x080032ab   Thumb Code    48  fat16.o(.text)
    hex_newobject                            0x08003305   Thumb Code     4  hex.o(.text)
    hex_resetobject                          0x08003309   Thumb Code     6  hex.o(.text)
    hex_findobject                           0x0800330f   Thumb Code   572  hex.o(.text)
    hex_getdata                              0x0800354b   Thumb Code    48  hex.o(.text)
    memcmp                                   0x08003585   Thumb Code    88  memcmp.o(.text)
    strlen                                   0x080035dd   Thumb Code    62  strlen.o(.text)
    __aeabi_memcpy                           0x0800361b   Thumb Code     0  rt_memcpy_v6.o(.text)
    __rt_memcpy                              0x0800361b   Thumb Code   138  rt_memcpy_v6.o(.text)
    _memcpy_lastbytes                        0x08003681   Thumb Code     0  rt_memcpy_v6.o(.text)
    __aeabi_memclr                           0x080036a5   Thumb Code     0  rt_memclr.o(.text)
    __rt_memclr                              0x080036a5   Thumb Code    68  rt_memclr.o(.text)
    _memset                                  0x080036a9   Thumb Code     0  rt_memclr.o(.text)
    __use_two_region_memory                  0x080036e9   Thumb Code     2  heapauxi.o(.text)
    __rt_heap_escrow$2region                 0x080036eb   Thumb Code     2  heapauxi.o(.text)
    __rt_heap_expand$2region                 0x080036ed   Thumb Code     2  heapauxi.o(.text)
    __aeabi_memcpy4                          0x080036ef   Thumb Code     0  rt_memcpy_w.o(.text)
    __aeabi_memcpy8                          0x080036ef   Thumb Code     0  rt_memcpy_w.o(.text)
    __rt_memcpy_w                            0x080036ef   Thumb Code   100  rt_memcpy_w.o(.text)
    _memcpy_lastbytes_aligned                0x08003737   Thumb Code     0  rt_memcpy_w.o(.text)
    __aeabi_memclr4                          0x08003753   Thumb Code     0  rt_memclr_w.o(.text)
    __aeabi_memclr8                          0x08003753   Thumb Code     0  rt_memclr_w.o(.text)
    __rt_memclr_w                            0x08003753   Thumb Code    78  rt_memclr_w.o(.text)
    _memset_w                                0x08003757   Thumb Code     0  rt_memclr_w.o(.text)
    __user_setup_stackheap                   0x080037a1   Thumb Code    74  sys_stackheap_outer.o(.text)
    exit                                     0x080037eb   Thumb Code    18  exit.o(.text)
    __user_libspace                          0x080037fd   Thumb Code     8  libspace.o(.text)
    __user_perproc_libspace                  0x080037fd   Thumb Code     0  libspace.o(.text)
    __user_perthread_libspace                0x080037fd   Thumb Code     0  libspace.o(.text)
    _sys_exit                                0x08003805   Thumb Code     8  sys_exit.o(.text)
    __I$use$semihosting                      0x08003811   Thumb Code     0  use_no_semi.o(.text)
    __use_no_semihosting_swi                 0x08003811   Thumb Code     2  use_no_semi.o(.text)
    MASS_DeviceDescriptor                    0x08003812   Data          18  usb_desc.o(.constdata)
    __semihosting_library_function           0x08003813   Thumb Code     0  indicate_semi.o(.text)
    MASS_ConfigDescriptor                    0x08003824   Data          32  usb_desc.o(.constdata)
    MASS_StringLangID                        0x08003844   Data           4  usb_desc.o(.constdata)
    MASS_StringVendor                        0x08003848   Data          22  usb_desc.o(.constdata)
    MASS_StringProduct                       0x0800385e   Data          38  usb_desc.o(.constdata)
    MASS_StringInterface                     0x08003884   Data          16  usb_desc.o(.constdata)
    FAT16_TableSector0                       0x08003894   Data           4  fat16.o(.constdata)
    FAT16_BootSector                         0x08003898   Data          62  fat16.o(.constdata)
    FAT16_RootDirSector                      0x080038d6   Data          47  fat16.o(.constdata)
    Region$$Table$$Base                      0x0800391c   Number         0  anon$$obj.o(Region$$Table)
    Region$$Table$$Limit                     0x0800393c   Number         0  anon$$obj.o(Region$$Table)
    system_info                              0x20000000   Data           4  main.o(.data)
    system_status                            0x20000004   Data           4  main.o(.data)
    SystemCoreClock                          0x2000000c   Data           4  system_stm32f10x.o(.data)
    AHBPrescTable                            0x20000010   Data          16  system_stm32f10x.o(.data)
    Data_Mul_MaxPacketSize                   0x20000038   Data           1  usb_core.o(.data)
    StatusInfo                               0x2000003a   Data           2  usb_core.o(.data)
    EPindex                                  0x2000003c   Data           1  usb_init.o(.data)
    pInformation                             0x20000040   Data           4  usb_init.o(.data)
    pProperty                                0x20000044   Data           4  usb_init.o(.data)
    pUser_Standard_Requests                  0x20000048   Data           4  usb_init.o(.data)
    wInterrupt_Mask                          0x2000004c   Data           2  usb_init.o(.data)
    SaveRState                               0x2000004e   Data           2  usb_int.o(.data)
    SaveTState                               0x20000050   Data           2  usb_int.o(.data)
    Mass_Memory_Size                         0x20000054   Data           4  mass_mal.o(.data)
    Mass_Block_Size                          0x20000058   Data           4  mass_mal.o(.data)
    Mass_Block_Count                         0x2000005c   Data           4  mass_mal.o(.data)
    Page00_Inquiry_Data                      0x20000060   Data           5  scsi_data.o(.data)
    Standard_Inquiry_Data                    0x20000065   Data          36  scsi_data.o(.data)
    Standard_Inquiry_Data2                   0x20000089   Data          36  scsi_data.o(.data)
    Mode_Sense6_data                         0x200000ad   Data           4  scsi_data.o(.data)
    Mode_Sense10_data                        0x200000b1   Data           8  scsi_data.o(.data)
    Scsi_Sense_Data                          0x200000b9   Data          18  scsi_data.o(.data)
    ReadCapacity10_Data                      0x200000cb   Data           8  scsi_data.o(.data)
    ReadFormatCapacity_Data                  0x200000d3   Data          12  scsi_data.o(.data)
    Bot_State                                0x200000e0   Data           1  usb_bot.o(.data)
    Data_Len                                 0x200000e2   Data           2  usb_bot.o(.data)
    SCSI_LBA                                 0x200000e4   Data           4  usb_bot.o(.data)
    SCSI_BlkLen                              0x200000e8   Data           4  usb_bot.o(.data)
    MASS_StringSerial                        0x200000ec   Data          26  usb_desc.o(.data)
    pEpInt_IN                                0x20000108   Data          28  usb_istr.o(.data)
    pEpInt_OUT                               0x20000124   Data          28  usb_istr.o(.data)
    wIstr                                    0x20000140   Data           2  usb_istr.o(.data)
    Max_Lun                                  0x20000144   Data           4  usb_prop.o(.data)
    Device_Descriptor                        0x20000148   Data           8  usb_prop.o(.data)
    Config_Descriptor                        0x20000150   Data           8  usb_prop.o(.data)
    Device_Property                          0x20000158   Data          48  usb_prop.o(.data)
    String_Descriptor                        0x20000188   Data          40  usb_prop.o(.data)
    Device_Table                             0x200001b0   Data           2  usb_prop.o(.data)
    User_Standard_Requests                   0x200001b4   Data          36  usb_prop.o(.data)
    bDeviceState                             0x200001d8   Data           4  usb_pwr.o(.data)
    ResumeS                                  0x200001dc   Data           2  usb_pwr.o(.data)
    TransferState                            0x200001e0   Data           1  memory.o(.data)
    USB_STATUS_REG                           0x200001e1   Data           1  memory.o(.data)
    Block_Read_count                         0x200001e4   Data           4  memory.o(.data)
    Counter                                  0x200001e8   Data           4  memory.o(.data)
    Block_offset                             0x200001fc   Data           4  memory.o(.data)
    Idx                                      0x20000200   Data           4  memory.o(.data)
    FAT16_ReadyFileName                      0x20000208   Data          11  fat16.o(.data)
    STMFLASH_BUF                             0x20000214   Data        2048  stmflash.o(.bss)
    Device_Info                              0x20000a14   Data          28  usb_init.o(.bss)
    Bulk_Data_Buff                           0x20000a30   Data          64  usb_bot.o(.bss)
    CBW                                      0x20000a70   Data          32  usb_bot.o(.bss)
    CSW                                      0x20000a90   Data          16  usb_bot.o(.bss)
    Data_Buffer                              0x20000aa0   Data        2048  memory.o(.bss)
    FileAttr                                 0x200012a0   Data          32  fat16.o(.bss)
    __libspace_start                         0x20001398   Data          96  libspace.o(.bss)
    __temporary_stack_top$libspace           0x200013f8   Data           0  libspace.o(.bss)



==============================================================================

Memory Map of the image

  Image Entry point : 0x08000131

  Load Region LR_IROM1 (Base: 0x08000000, Size: 0x00003b50, Max: 0x00003c00, ABSOLUTE, COMPRESSED[0x00003a24])

    Execution Region ER_IROM1 (Base: 0x08000000, Size: 0x0000393c, Max: 0x00003c00, ABSOLUTE)

    Base Addr    Size         Type   Attr      Idx    E Section Name        Object

    0x08000000   0x00000130   Data   RO          294    RESET               startup_stm32f10x_hd.o
    0x08000130   0x00000008   Code   RO          736  * !!!main             c_w.l(__main.o)
    0x08000138   0x00000034   Code   RO          899    !!!scatter          c_w.l(__scatter.o)
    0x0800016c   0x0000005a   Code   RO          897    !!dczerorl2         c_w.l(__dczerorl2.o)
    0x080001c6   0x00000002   PAD
    0x080001c8   0x0000001c   Code   RO          901    !!handler_zi        c_w.l(__scatter_zi.o)
    0x080001e4   0x00000002   Code   RO          767    .ARM.Collect$$libinit$$00000000  c_w.l(libinit.o)
    0x080001e6   0x00000000   Code   RO          774    .ARM.Collect$$libinit$$00000002  c_w.l(libinit2.o)
    0x080001e6   0x00000000   Code   RO          776    .ARM.Collect$$libinit$$00000004  c_w.l(libinit2.o)
    0x080001e6   0x00000000   Code   RO          779    .ARM.Collect$$libinit$$0000000A  c_w.l(libinit2.o)
    0x080001e6   0x00000000   Code   RO          781    .ARM.Collect$$libinit$$0000000C  c_w.l(libinit2.o)
    0x080001e6   0x00000000   Code   RO          783    .ARM.Collect$$libinit$$0000000E  c_w.l(libinit2.o)
    0x080001e6   0x00000000   Code   RO          786    .ARM.Collect$$libinit$$00000011  c_w.l(libinit2.o)
    0x080001e6   0x00000000   Code   RO          788    .ARM.Collect$$libinit$$00000013  c_w.l(libinit2.o)
    0x080001e6   0x00000000   Code   RO          790    .ARM.Collect$$libinit$$00000015  c_w.l(libinit2.o)
    0x080001e6   0x00000000   Code   RO          792    .ARM.Collect$$libinit$$00000017  c_w.l(libinit2.o)
    0x080001e6   0x00000000   Code   RO          794    .ARM.Collect$$libinit$$00000019  c_w.l(libinit2.o)
    0x080001e6   0x00000000   Code   RO          796    .ARM.Collect$$libinit$$0000001B  c_w.l(libinit2.o)
    0x080001e6   0x00000000   Code   RO          798    .ARM.Collect$$libinit$$0000001D  c_w.l(libinit2.o)
    0x080001e6   0x00000000   Code   RO          800    .ARM.Collect$$libinit$$0000001F  c_w.l(libinit2.o)
    0x080001e6   0x00000000   Code   RO          802    .ARM.Collect$$libinit$$00000021  c_w.l(libinit2.o)
    0x080001e6   0x00000000   Code   RO          804    .ARM.Collect$$libinit$$00000023  c_w.l(libinit2.o)
    0x080001e6   0x00000000   Code   RO          806    .ARM.Collect$$libinit$$00000025  c_w.l(libinit2.o)
    0x080001e6   0x00000000   Code   RO          810    .ARM.Collect$$libinit$$0000002C  c_w.l(libinit2.o)
    0x080001e6   0x00000000   Code   RO          812    .ARM.Collect$$libinit$$0000002E  c_w.l(libinit2.o)
    0x080001e6   0x00000000   Code   RO          814    .ARM.Collect$$libinit$$00000030  c_w.l(libinit2.o)
    0x080001e6   0x00000000   Code   RO          816    .ARM.Collect$$libinit$$00000032  c_w.l(libinit2.o)
    0x080001e6   0x00000002   Code   RO          817    .ARM.Collect$$libinit$$00000033  c_w.l(libinit2.o)
    0x080001e8   0x00000002   Code   RO          837    .ARM.Collect$$libshutdown$$00000000  c_w.l(libshutdown.o)
    0x080001ea   0x00000000   Code   RO          850    .ARM.Collect$$libshutdown$$00000002  c_w.l(libshutdown2.o)
    0x080001ea   0x00000000   Code   RO          852    .ARM.Collect$$libshutdown$$00000004  c_w.l(libshutdown2.o)
    0x080001ea   0x00000000   Code   RO          855    .ARM.Collect$$libshutdown$$00000007  c_w.l(libshutdown2.o)
    0x080001ea   0x00000000   Code   RO          858    .ARM.Collect$$libshutdown$$0000000A  c_w.l(libshutdown2.o)
    0x080001ea   0x00000000   Code   RO          860    .ARM.Collect$$libshutdown$$0000000C  c_w.l(libshutdown2.o)
    0x080001ea   0x00000000   Code   RO          863    .ARM.Collect$$libshutdown$$0000000F  c_w.l(libshutdown2.o)
    0x080001ea   0x00000002   Code   RO          864    .ARM.Collect$$libshutdown$$00000010  c_w.l(libshutdown2.o)
    0x080001ec   0x00000000   Code   RO          738    .ARM.Collect$$rtentry$$00000000  c_w.l(__rtentry.o)
    0x080001ec   0x00000000   Code   RO          744    .ARM.Collect$$rtentry$$00000002  c_w.l(__rtentry2.o)
    0x080001ec   0x00000006   Code   RO          756    .ARM.Collect$$rtentry$$00000004  c_w.l(__rtentry4.o)
    0x080001f2   0x00000000   Code   RO          746    .ARM.Collect$$rtentry$$00000009  c_w.l(__rtentry2.o)
    0x080001f2   0x00000004   Code   RO          747    .ARM.Collect$$rtentry$$0000000A  c_w.l(__rtentry2.o)
    0x080001f6   0x00000000   Code   RO          749    .ARM.Collect$$rtentry$$0000000C  c_w.l(__rtentry2.o)
    0x080001f6   0x00000008   Code   RO          750    .ARM.Collect$$rtentry$$0000000D  c_w.l(__rtentry2.o)
    0x080001fe   0x00000002   Code   RO          771    .ARM.Collect$$rtexit$$00000000  c_w.l(rtexit.o)
    0x08000200   0x00000000   Code   RO          819    .ARM.Collect$$rtexit$$00000002  c_w.l(rtexit2.o)
    0x08000200   0x00000004   Code   RO          820    .ARM.Collect$$rtexit$$00000003  c_w.l(rtexit2.o)
    0x08000204   0x00000006   Code   RO          821    .ARM.Collect$$rtexit$$00000004  c_w.l(rtexit2.o)
    0x0800020a   0x00000002   PAD
    0x0800020c   0x00000264   Code   RO            1    .text               main.o
    0x08000470   0x0000000a   Code   RO          148    .text               stm32f10x_it.o
    0x0800047a   0x00000002   PAD
    0x0800047c   0x00000158   Code   RO          198    .text               system_stm32f10x.o
    0x080005d4   0x00000120   Code   RO          216    .text               stmflash.o
    0x080006f4   0x00000050   Code   RO          243    .text               led.o
    0x08000744   0x00000098   Code   RO          255    .text               delay.o
    0x080007dc   0x00000008   Code   RO          269    .text               sys.o
    0x080007e4   0x00000040   Code   RO          295    .text               startup_stm32f10x_hd.o
    0x08000824   0x000000b0   Code   RO          299    .text               misc.o
    0x080008d4   0x00000264   Code   RO          311    .text               stm32f10x_gpio.o
    0x08000b38   0x000002b8   Code   RO          323    .text               stm32f10x_rcc.o
    0x08000df0   0x000000e8   Code   RO          337    .text               stm32f10x_exti.o
    0x08000ed8   0x00000484   Code   RO          349    .text               stm32f10x_flash.o
    0x0800135c   0x000007ac   Code   RO          362    .text               usb_core.o
    0x08001b08   0x00000028   Code   RO          378    .text               usb_init.o
    0x08001b30   0x000001c4   Code   RO          404    .text               usb_int.o
    0x08001cf4   0x00000044   Code   RO          428    .text               usb_mem.o
    0x08001d38   0x00000670   Code   RO          440    .text               usb_regs.o
    0x080023a8   0x00000104   Code   RO          453    .text               hw_config.o
    0x080024ac   0x00000088   Code   RO          472    .text               mass_mal.o
    0x08002534   0x00000308   Code   RO          513    .text               usb_bot.o
    0x0800283c   0x00000008   Code   RO          552    .text               usb_endp.o
    0x08002844   0x00000048   Code   RO          564    .text               usb_istr.o
    0x0800288c   0x0000021c   Code   RO          585    .text               usb_prop.o
    0x08002aa8   0x000000f4   Code   RO          614    .text               usb_pwr.o
    0x08002b9c   0x00000340   Code   RO          635    .text               usb_scsi.o
    0x08002edc   0x000001a4   Code   RO          648    .text               memory.o
    0x08003080   0x00000284   Code   RO          668    .text               fat16.o
    0x08003304   0x00000280   Code   RO          702    .text               hex.o
    0x08003584   0x00000058   Code   RO          726    .text               c_w.l(memcmp.o)
    0x080035dc   0x0000003e   Code   RO          728    .text               c_w.l(strlen.o)
    0x0800361a   0x0000008a   Code   RO          730    .text               c_w.l(rt_memcpy_v6.o)
    0x080036a4   0x00000044   Code   RO          732    .text               c_w.l(rt_memclr.o)
    0x080036e8   0x00000006   Code   RO          734    .text               c_w.l(heapauxi.o)
    0x080036ee   0x00000064   Code   RO          739    .text               c_w.l(rt_memcpy_w.o)
    0x08003752   0x0000004e   Code   RO          741    .text               c_w.l(rt_memclr_w.o)
    0x080037a0   0x0000004a   Code   RO          758    .text               c_w.l(sys_stackheap_outer.o)
    0x080037ea   0x00000012   Code   RO          760    .text               c_w.l(exit.o)
    0x080037fc   0x00000008   Code   RO          768    .text               c_w.l(libspace.o)
    0x08003804   0x0000000c   Code   RO          829    .text               c_w.l(sys_exit.o)
    0x08003810   0x00000002   Code   RO          840    .text               c_w.l(use_no_semi.o)
    0x08003812   0x00000000   Code   RO          842    .text               c_w.l(indicate_semi.o)
    0x08003812   0x00000012   Data   RO          534    .constdata          usb_desc.o
    0x08003824   0x00000020   Data   RO          535    .constdata          usb_desc.o
    0x08003844   0x00000004   Data   RO          536    .constdata          usb_desc.o
    0x08003848   0x00000016   Data   RO          537    .constdata          usb_desc.o
    0x0800385e   0x00000026   Data   RO          538    .constdata          usb_desc.o
    0x08003884   0x00000010   Data   RO          539    .constdata          usb_desc.o
    0x08003894   0x00000071   Data   RO          670    .constdata          fat16.o
    0x08003905   0x00000017   Data   RO          704    .constdata          hex.o
    0x0800391c   0x00000020   Data   RO          895    Region$$Table       anon$$obj.o


    Execution Region RW_IRAM1 (Base: 0x20000000, Size: 0x000019f8, Max: 0x0000c000, ABSOLUTE, COMPRESSED[0x000000e8])

    Base Addr    Size         Type   Attr      Idx    E Section Name        Object

    0x20000000   0x0000000c   Data   RW            2    .data               main.o
    0x2000000c   0x00000014   Data   RW          199    .data               system_stm32f10x.o
    0x20000020   0x00000004   Data   RW          256    .data               delay.o
    0x20000024   0x00000014   Data   RW          324    .data               stm32f10x_rcc.o
    0x20000038   0x00000004   Data   RW          363    .data               usb_core.o
    0x2000003c   0x00000001   Data   RW          380    .data               usb_init.o
    0x2000003d   0x00000003   PAD
    0x20000040   0x0000000c   Data   RW          381    .data               usb_init.o
    0x2000004c   0x00000002   Data   RW          383    .data               usb_init.o
    0x2000004e   0x00000004   Data   RW          405    .data               usb_int.o
    0x20000052   0x00000002   PAD
    0x20000054   0x0000000c   Data   RW          474    .data               mass_mal.o
    0x20000060   0x00000005   Data   RW          494    .data               scsi_data.o
    0x20000065   0x00000024   Data   RW          495    .data               scsi_data.o
    0x20000089   0x00000024   Data   RW          496    .data               scsi_data.o
    0x200000ad   0x00000004   Data   RW          497    .data               scsi_data.o
    0x200000b1   0x00000008   Data   RW          498    .data               scsi_data.o
    0x200000b9   0x00000012   Data   RW          499    .data               scsi_data.o
    0x200000cb   0x00000008   Data   RW          500    .data               scsi_data.o
    0x200000d3   0x0000000c   Data   RW          501    .data               scsi_data.o
    0x200000df   0x00000001   PAD
    0x200000e0   0x0000000c   Data   RW          515    .data               usb_bot.o
    0x200000ec   0x0000001a   Data   RW          540    .data               usb_desc.o
    0x20000106   0x00000002   PAD
    0x20000108   0x0000001c   Data   RW          566    .data               usb_istr.o
    0x20000124   0x0000001c   Data   RW          567    .data               usb_istr.o
    0x20000140   0x00000002   Data   RW          568    .data               usb_istr.o
    0x20000142   0x00000002   PAD
    0x20000144   0x0000006c   Data   RW          586    .data               usb_prop.o
    0x200001b0   0x00000002   Data   RW          587    .data               usb_prop.o
    0x200001b2   0x00000002   PAD
    0x200001b4   0x00000024   Data   RW          588    .data               usb_prop.o
    0x200001d8   0x00000004   Data   RW          615    .data               usb_pwr.o
    0x200001dc   0x00000002   Data   RW          617    .data               usb_pwr.o
    0x200001de   0x00000002   PAD
    0x200001e0   0x00000024   Data   RW          650    .data               memory.o
    0x20000204   0x0000000f   Data   RW          671    .data               fat16.o
    0x20000213   0x00000001   PAD
    0x20000214   0x00000800   Zero   RW          217    .bss                stmflash.o
    0x20000a14   0x0000001c   Zero   RW          379    .bss                usb_init.o
    0x20000a30   0x00000070   Zero   RW          514    .bss                usb_bot.o
    0x20000aa0   0x00000800   Zero   RW          649    .bss                memory.o
    0x200012a0   0x00000020   Zero   RW          669    .bss                fat16.o
    0x200012c0   0x000000d6   Zero   RW          703    .bss                hex.o
    0x20001396   0x00000002   PAD
    0x20001398   0x00000060   Zero   RW          769    .bss                c_w.l(libspace.o)
    0x200013f8   0x00000200   Zero   RW          293    HEAP                startup_stm32f10x_hd.o
    0x200015f8   0x00000400   Zero   RW          292    STACK               startup_stm32f10x_hd.o


==============================================================================

Image component sizes


      Code (inc. data)   RO Data    RW Data    ZI Data      Debug   Object Name

         0          0          0          0          0         32   core_cm3.o
       152         14          0          4          0       1075   delay.o
       644         42        113         15         32       3921   fat16.o
       640         20         23          0        214       2689   hex.o
       260         22          0          0          0       2621   hw_config.o
        80         10          0          0          0        499   led.o
       612         90          0         12          0     251058   main.o
       136         10          0         12          0       2499   mass_mal.o
       420         30          0         36       2048       2416   memory.o
       176         14          0          0          0       1897   misc.o
         0          0          0        127          0       1026   scsi_data.o
        64         26        304          0       1536        796   startup_stm32f10x_hd.o
       232          8          0          0          0       2403   stm32f10x_exti.o
      1156         24          0          0          0       9252   stm32f10x_flash.o
       612         36          0          0          0       6025   stm32f10x_gpio.o
        10          0          0          0          0        700   stm32f10x_it.o
       696         32          0         20          0       9004   stm32f10x_rcc.o
       288          8          0          0       2048       2899   stmflash.o
         8          0          0          0          0        421   sys.o
       344         34          0         20          0       1775   system_stm32f10x.o
       776         36          0         12        112       3449   usb_bot.o
      1964         90          0          4          0       8381   usb_core.o
         0          0        130         26          0        932   usb_desc.o
         8          0          0          0          0        519   usb_endp.o
        40         18          0         15         28       3882   usb_init.o
       452         30          0          4          0       1564   usb_int.o
        72         18          0         58          0       1272   usb_istr.o
        68          6          0          0          0       1350   usb_mem.o
       540         40          0        146          0       6808   usb_prop.o
       244         20          0          6          0       2567   usb_pwr.o
      1648         26          0          0          0      11495   usb_regs.o
       832         48          0          0          0       5065   usb_scsi.o

    ----------------------------------------------------------------------
     13176        752        602        532       6020     350292   Object Totals
         0          0         32          0          0          0   (incl. Generated)
         2          0          0         15          2          0   (incl. Padding)

    ----------------------------------------------------------------------

      Code (inc. data)   RO Data    RW Data    ZI Data      Debug   Library Member Name

        90          0          0          0          0          0   __dczerorl2.o
         8          0          0          0          0         68   __main.o
         0          0          0          0          0          0   __rtentry.o
        12          0          0          0          0          0   __rtentry2.o
         6          0          0          0          0          0   __rtentry4.o
        52          8          0          0          0          0   __scatter.o
        28          0          0          0          0          0   __scatter_zi.o
        18          0          0          0          0         80   exit.o
         6          0          0          0          0        152   heapauxi.o
         0          0          0          0          0          0   indicate_semi.o
         2          0          0          0          0          0   libinit.o
         2          0          0          0          0          0   libinit2.o
         2          0          0          0          0          0   libshutdown.o
         2          0          0          0          0          0   libshutdown2.o
         8          4          0          0         96         68   libspace.o
        88          0          0          0          0         76   memcmp.o
        68          0          0          0          0         68   rt_memclr.o
        78          0          0          0          0         80   rt_memclr_w.o
       138          0          0          0          0         68   rt_memcpy_v6.o
       100          0          0          0          0         80   rt_memcpy_w.o
         2          0          0          0          0          0   rtexit.o
        10          0          0          0          0          0   rtexit2.o
        62          0          0          0          0         76   strlen.o
        12          4          0          0          0         68   sys_exit.o
        74          0          0          0          0         80   sys_stackheap_outer.o
         2          0          0          0          0         68   use_no_semi.o

    ----------------------------------------------------------------------
       874         16          0          0         96       1032   Library Totals
         4          0          0          0          0          0   (incl. Padding)

    ----------------------------------------------------------------------

      Code (inc. data)   RO Data    RW Data    ZI Data      Debug   Library Name

       870         16          0          0         96       1032   c_w.l

    ----------------------------------------------------------------------
       874         16          0          0         96       1032   Library Totals

    ----------------------------------------------------------------------

==============================================================================


      Code (inc. data)   RO Data    RW Data    ZI Data      Debug   

     14050        768        602        532       6116     347680   Grand Totals
     14050        768        602        232       6116     347680   ELF Image Totals (compressed)
     14050        768        602        232          0          0   ROM Totals

==============================================================================

    Total RO  Size (Code + RO Data)                14652 (  14.31kB)
    Total RW  Size (RW Data + ZI Data)              6648 (   6.49kB)
    Total ROM Size (Code + RO Data + RW Data)      14884 (  14.54kB)

==============================================================================

