<html>
<body>
<pre>
<h1>µVision Build Log</h1>
<h2>Tool Versions:</h2>
IDE-Version: ¦ÌVision V5.23.0.0
Copyright (C) 2017 ARM Ltd and ARM Germany GmbH. All rights reserved.
License Information: suen suen, Microsoft, LIC=LJWAR-KPJ3S-ZC0JY-IHWNT-4TU59-0H3GB
 
Tool Versions:
Toolchain:       MDK-ARM Professional  Version: 5.23
Toolchain Path:  C:\Keil_v5\ARM\ARMCC\Bin
C Compiler:      Armcc.exe V5.06 update 4 (build 422)
Assembler:       Armasm.exe V5.06 update 4 (build 422)
Linker/Locator:  ArmLink.exe V5.06 update 4 (build 422)
Library Manager: ArmAr.exe V5.06 update 4 (build 422)
Hex Converter:   FromElf.exe V5.06 update 4 (build 422)
CPU DLL:         SARMCM3.DLL V5.23
Dialog DLL:      DCM.DLL V1.15.0.0
Target DLL:      CMSIS_AGDI.dll V1.27.5.0
Dialog DLL:      TCM.DLL V1.27.0.0
 
<h2>Project:</h2>
E:\1.design\3.stm32\usb_msd_bootloader\bootloader\USER\UsbCardReader.uvprojx
Project File Date:  07/02/2019

<h2>Output:</h2>
*** Using Compiler 'V5.06 update 4 (build 422)', folder: 'C:\Keil_v5\ARM\ARMCC\Bin'
Rebuild target 'Target 1'
compiling stm32f10x_it.c...
compiling system_stm32f10x.c...
compiling main.c...
compiling led.c...
compiling stmflash.c...
compiling delay.c...
assembling startup_stm32f10x_hd.s...
compiling core_cm3.c...
compiling sys.c...
compiling misc.c...
compiling stm32f10x_gpio.c...
compiling stm32f10x_rcc.c...
compiling stm32f10x_exti.c...
compiling stm32f10x_flash.c...
compiling usb_core.c...
compiling usb_init.c...
compiling usb_int.c...
compiling usb_mem.c...
compiling usb_regs.c...
compiling hw_config.c...
compiling scsi_data.c...
compiling mass_mal.c...
..\USB\CONFIG\mass_mal.c(38): warning:  #47-D: incompatible redefinition of macro "FLASH_START_ADDR"  (declared at line 18 of "..\USER\FAT16.h")
  #define     FLASH_START_ADDR        0x08016000       // Flash start address 
..\USB\CONFIG\mass_mal.c: 1 warning, 0 errors
compiling usb_bot.c...
compiling usb_desc.c...
compiling usb_istr.c...
compiling usb_endp.c...
compiling usb_prop.c...
compiling usb_pwr.c...
compiling usb_scsi.c...
compiling memory.c...
compiling API.c...
compiling FAT16.c...
compiling hex.c...
hex.c(47): warning:  #68-D: integer conversion resulted in a change of sign
  		return 
EX_E_ERROR;
hex.c(91): warning:  #68-D: integer conversion resulted in a change of sign
  						result = 
EX_E_ERROR;
hex.c(130): warning:  #68-D: integer conversion resulted in a change of sign
  								result = 
EX_E_ERROR;
hex.c(189): warning:  #68-D: integer conversion resulted in a change of sign
  						result = 
EX_E_ERROR;
hex.c(209): warning:  #68-D: integer conversion resulted in a change of sign
  					result = 
EX_E_ERROR;
hex.c: 5 warnings, 0 errors
linking...
Program Size: Code=14050 RO-data=602 RW-data=532 ZI-data=6116  
FromELF: creating hex file...
After Build - User command #1: C:\Keil_v5\\ARM\ARMCC\bin\fromelf.exe --bin --output=UsbCardReader.bin ..\OBJ\UsbCardReader.axf
"..\OBJ\UsbCardReader.axf" - 0 Error(s), 6 Warning(s).

<h2>Software Packages used:</h2>

Package Vendor: ARM
                http://www.keil.com/pack/ARM.CMSIS.5.0.1.pack
                ARM::CMSIS:CORE:5.0.1
                CMSIS (Cortex Microcontroller Software Interface Standard)
   * Component: CORE Version: 5.0.1

<h2>Collection of Component include folders:</h2>
  .\RTE\_Target_1
  C:\Keil_v5\ARM\PACK\ARM\CMSIS\5.0.1\CMSIS\Include
  C:\Keil_v5\ARM\PACK\Keil\STM32F1xx_DFP\2.3.0\Device\Include

<h2>Collection of Component Files used:</h2>

   * Component: ARM::CMSIS:CORE:5.0.1
Build Time Elapsed:  00:00:05
</pre>
</body>
</html>
